Component: ARM Compiler 5.05 update 1 (build 106) Tool: armlink [4d0efa]

==============================================================================

Section Cross References

    stm32f4xx_fsmc.o(i.FSMC_NORSRAMStructInit) refers to stm32f4xx_fsmc.o(.constdata) for FSMC_DefaultTimingStruct
    stm32f4xx_gpio.o(i.GPIO_DeInit) refers to stm32f4xx_rcc.o(i.RCC_AHB1PeriphResetCmd) for RCC_AHB1PeriphResetCmd
    stm32f4xx_rcc.o(i.RCC_GetClocksFreq) refers to stm32f4xx_rcc.o(.data) for APBAHBPrescTable
    stm32f4xx_rcc.o(i.RCC_WaitForHSEStartUp) refers to stm32f4xx_rcc.o(i.RCC_GetFlagStatus) for RCC_GetFlagStatus
    stm32f4xx_tim.o(i.TIM_DeInit) refers to stm32f4xx_rcc.o(i.RCC_APB2PeriphResetCmd) for RCC_APB2PeriphResetCmd
    stm32f4xx_tim.o(i.TIM_DeInit) refers to stm32f4xx_rcc.o(i.RCC_APB1PeriphResetCmd) for RCC_APB1PeriphResetCmd
    stm32f4xx_tim.o(i.TIM_ETRClockMode1Config) refers to stm32f4xx_tim.o(i.TIM_ETRConfig) for TIM_ETRConfig
    stm32f4xx_tim.o(i.TIM_ETRClockMode2Config) refers to stm32f4xx_tim.o(i.TIM_ETRConfig) for TIM_ETRConfig
    stm32f4xx_tim.o(i.TIM_ICInit) refers to stm32f4xx_tim.o(i.TI1_Config) for TI1_Config
    stm32f4xx_tim.o(i.TIM_ICInit) refers to stm32f4xx_tim.o(i.TIM_SetIC1Prescaler) for TIM_SetIC1Prescaler
    stm32f4xx_tim.o(i.TIM_ICInit) refers to stm32f4xx_tim.o(i.TI2_Config) for TI2_Config
    stm32f4xx_tim.o(i.TIM_ICInit) refers to stm32f4xx_tim.o(i.TIM_SetIC2Prescaler) for TIM_SetIC2Prescaler
    stm32f4xx_tim.o(i.TIM_ICInit) refers to stm32f4xx_tim.o(i.TI3_Config) for TI3_Config
    stm32f4xx_tim.o(i.TIM_ICInit) refers to stm32f4xx_tim.o(i.TIM_SetIC3Prescaler) for TIM_SetIC3Prescaler
    stm32f4xx_tim.o(i.TIM_ICInit) refers to stm32f4xx_tim.o(i.TI4_Config) for TI4_Config
    stm32f4xx_tim.o(i.TIM_ICInit) refers to stm32f4xx_tim.o(i.TIM_SetIC4Prescaler) for TIM_SetIC4Prescaler
    stm32f4xx_tim.o(i.TIM_ITRxExternalClockConfig) refers to stm32f4xx_tim.o(i.TIM_SelectInputTrigger) for TIM_SelectInputTrigger
    stm32f4xx_tim.o(i.TIM_PWMIConfig) refers to stm32f4xx_tim.o(i.TI1_Config) for TI1_Config
    stm32f4xx_tim.o(i.TIM_PWMIConfig) refers to stm32f4xx_tim.o(i.TIM_SetIC1Prescaler) for TIM_SetIC1Prescaler
    stm32f4xx_tim.o(i.TIM_PWMIConfig) refers to stm32f4xx_tim.o(i.TI2_Config) for TI2_Config
    stm32f4xx_tim.o(i.TIM_PWMIConfig) refers to stm32f4xx_tim.o(i.TIM_SetIC2Prescaler) for TIM_SetIC2Prescaler
    stm32f4xx_tim.o(i.TIM_TIxExternalClockConfig) refers to stm32f4xx_tim.o(i.TI2_Config) for TI2_Config
    stm32f4xx_tim.o(i.TIM_TIxExternalClockConfig) refers to stm32f4xx_tim.o(i.TI1_Config) for TI1_Config
    stm32f4xx_tim.o(i.TIM_TIxExternalClockConfig) refers to stm32f4xx_tim.o(i.TIM_SelectInputTrigger) for TIM_SelectInputTrigger
    stm32f4xx_syscfg.o(i.SYSCFG_DeInit) refers to stm32f4xx_rcc.o(i.RCC_APB2PeriphResetCmd) for RCC_APB2PeriphResetCmd
    stm32f4xx_usart.o(i.USART_DeInit) refers to stm32f4xx_rcc.o(i.RCC_APB2PeriphResetCmd) for RCC_APB2PeriphResetCmd
    stm32f4xx_usart.o(i.USART_DeInit) refers to stm32f4xx_rcc.o(i.RCC_APB1PeriphResetCmd) for RCC_APB1PeriphResetCmd
    stm32f4xx_usart.o(i.USART_Init) refers to stm32f4xx_rcc.o(i.RCC_GetClocksFreq) for RCC_GetClocksFreq
    main.o(i.USART1_IRQHandler) refers to stm32f4xx_usart.o(i.USART_GetITStatus) for USART_GetITStatus
    main.o(i.USART1_IRQHandler) refers to stm32f4xx_usart.o(i.USART_ClearITPendingBit) for USART_ClearITPendingBit
    main.o(i.USART1_IRQHandler) refers to stm32f4xx_usart.o(i.USART_ReceiveData) for USART_ReceiveData
    main.o(i.USART1_IRQHandler) refers to main.o(.data) for rx_count
    main.o(i.USART1_IRQHandler) refers to main.o(.bss) for buffer
    main.o(i.main) refers to misc.o(i.NVIC_PriorityGroupConfig) for NVIC_PriorityGroupConfig
    main.o(i.main) refers to led.o(i.Led_Init) for Led_Init
    main.o(i.main) refers to key.o(i.Key_Init) for Key_Init
    main.o(i.main) refers to delay.o(i.Delay_Init) for Delay_Init
    main.o(i.main) refers to usart.o(i.Uart1_Init) for Uart1_Init
    main.o(i.main) refers to noretval__2printf.o(.text) for __2printf
    system_stm32f4xx.o(i.SystemCoreClockUpdate) refers to system_stm32f4xx.o(.data) for SystemCoreClock
    system_stm32f4xx.o(i.SystemInit) refers to system_stm32f4xx.o(i.SetSysClock) for SetSysClock
    led.o(i.Led_Init) refers to stm32f4xx_rcc.o(i.RCC_AHB1PeriphClockCmd) for RCC_AHB1PeriphClockCmd
    led.o(i.Led_Init) refers to stm32f4xx_gpio.o(i.GPIO_Init) for GPIO_Init
    led.o(i.Led_Init) refers to stm32f4xx_gpio.o(i.GPIO_SetBits) for GPIO_SetBits
    key.o(i.EXTI0_IRQHandler) refers to stm32f4xx_exti.o(i.EXTI_GetITStatus) for EXTI_GetITStatus
    key.o(i.EXTI0_IRQHandler) refers to stm32f4xx_exti.o(i.EXTI_ClearITPendingBit) for EXTI_ClearITPendingBit
    key.o(i.EXTI2_IRQHandler) refers to stm32f4xx_exti.o(i.EXTI_GetITStatus) for EXTI_GetITStatus
    key.o(i.EXTI2_IRQHandler) refers to stm32f4xx_gpio.o(i.GPIO_ReadOutputDataBit) for GPIO_ReadOutputDataBit
[...]
    usart.o(i.Uart1_Init) refers to stm32f4xx_rcc.o(i.RCC_AHB1PeriphClockCmd) for RCC_AHB1PeriphClockCmd
    usart.o(i.Uart1_Init) refers to stm32f4xx_rcc.o(i.RCC_APB2PeriphClockCmd) for RCC_APB2PeriphClockCmd
    usart.o(i.Uart1_Init) refers to stm32f4xx_gpio.o(i.GPIO_PinAFConfig) for GPIO_PinAFConfig
    usart.o(i.Uart1_Init) refers to stm32f4xx_gpio.o(i.GPIO_Init) for GPIO_Init
    usart.o(i.Uart1_Init) refers to stm32f4xx_usart.o(i.USART_Init) for USART_Init
    usart.o(i.Uart1_Init) refers to stm32f4xx_usart.o(i.USART_Cmd) for USART_Cmd
    usart.o(i.Uart1_Init) refers to stm32f4xx_usart.o(i.USART_ITConfig) for USART_ITConfig
    usart.o(i.Uart1_Init) refers to misc.o(i.NVIC_Init) for NVIC_Init
    usart.o(i._sys_exit) refers (Special) to use_no_semi_2.o(.text) for __use_no_semihosting
    usart.o(i.fputc) refers (Special) to use_no_semi_2.o(.text) for __use_no_semihosting
    usart.o(i.fputc) refers to stm32f4xx_usart.o(i.USART_SendData) for USART_SendData
    usart.o(i.fputc) refers to stm32f4xx_usart.o(i.USART_GetFlagStatus) for USART_GetFlagStatus
    usart.o(.data) refers (Special) to use_no_semi_2.o(.text) for __use_no_semihosting
    startup_stm32f40_41xxx.o(STACK) refers (Special) to heapauxi.o(.text) for __use_two_region_memory
    startup_stm32f40_41xxx.o(HEAP) refers (Special) to heapauxi.o(.text) for __use_two_region_memory
    startup_stm32f40_41xxx.o(RESET) refers (Special) to heapauxi.o(.text) for __use_two_region_memory
    startup_stm32f40_41xxx.o(RESET) refers to startup_stm32f40_41xxx.o(STACK) for __initial_sp
    startup_stm32f40_41xxx.o(RESET) refers to startup_stm32f40_41xxx.o(.text) for Reset_Handler
    startup_stm32f40_41xxx.o(RESET) refers to stm32f4xx_it.o(i.NMI_Handler) for NMI_Handler
    startup_stm32f40_41xxx.o(RESET) refers to stm32f4xx_it.o(i.HardFault_Handler) for HardFault_Handler
    startup_stm32f40_41xxx.o(RESET) refers to stm32f4xx_it.o(i.MemManage_Handler) for MemManage_Handler
    startup_stm32f40_41xxx.o(RESET) refers to stm32f4xx_it.o(i.BusFault_Handler) for BusFault_Handler
    startup_stm32f40_41xxx.o(RESET) refers to stm32f4xx_it.o(i.UsageFault_Handler) for UsageFault_Handler
    startup_stm32f40_41xxx.o(RESET) refers to stm32f4xx_it.o(i.SVC_Handler) for SVC_Handler
    startup_stm32f40_41xxx.o(RESET) refers to stm32f4xx_it.o(i.DebugMon_Handler) for DebugMon_Handler
    startup_stm32f40_41xxx.o(RESET) refers to stm32f4xx_it.o(i.PendSV_Handler) for PendSV_Handler
    startup_stm32f40_41xxx.o(RESET) refers to delay.o(i.SysTick_Handler) for SysTick_Handler
    startup_stm32f40_41xxx.o(RESET) refers to key.o(i.EXTI0_IRQHandler) for EXTI0_IRQHandler
    startup_stm32f40_41xxx.o(RESET) refers to key.o(i.EXTI2_IRQHandler) for EXTI2_IRQHandler
    startup_stm32f40_41xxx.o(RESET) refers to key.o(i.EXTI3_IRQHandler) for EXTI3_IRQHandler
    startup_stm32f40_41xxx.o(RESET) refers to key.o(i.EXTI4_IRQHandler) for EXTI4_IRQHandler
    startup_stm32f40_41xxx.o(RESET) refers to main.o(i.USART1_IRQHandler) for USART1_IRQHandler
    startup_stm32f40_41xxx.o(.text) refers (Special) to heapauxi.o(.text) for __use_two_region_memory
    startup_stm32f40_41xxx.o(.text) refers to system_stm32f4xx.o(i.SystemInit) for SystemInit
    startup_stm32f40_41xxx.o(.text) refers to __main.o(!!!main) for __main
    startup_stm32f40_41xxx.o(.text) refers to startup_stm32f40_41xxx.o(HEAP) for Heap_Mem
    startup_stm32f40_41xxx.o(.text) refers to startup_stm32f40_41xxx.o(STACK) for Stack_Mem
    use_no_semi_2.o(.text) refers (Special) to use_no_semi.o(.text) for __use_no_semihosting_swi
    __2printf.o(.text) refers to _printf_char_file.o(.text) for _printf_char_file
    __2printf.o(.text) refers to usart.o(.data) for __stdout
    noretval__2printf.o(.text) refers to _printf_char_file.o(.text) for _printf_char_file
    noretval__2printf.o(.text) refers to usart.o(.data) for __stdout
    __main.o(!!!main) refers to __rtentry.o(.ARM.Collect$$rtentry$$00000000) for __rt_entry
    __rtentry.o(.ARM.Collect$$rtentry$$00000000) refers (Special) to __rtentry2.o(.ARM.Collect$$rtentry$$0000000A) for __rt_entry_li
    __rtentry.o(.ARM.Collect$$rtentry$$00000000) refers (Special) to __rtentry2.o(.ARM.Collect$$rtentry$$0000000D) for __rt_entry_main
    __rtentry.o(.ARM.Collect$$rtentry$$00000000) refers (Special) to __rtentry2.o(.ARM.Collect$$rtentry$$0000000C) for __rt_entry_postli_1
    __rtentry.o(.ARM.Collect$$rtentry$$00000000) refers (Special) to __rtentry2.o(.ARM.Collect$$rtentry$$00000009) for __rt_entry_postsh_1
    __rtentry.o(.ARM.Collect$$rtentry$$00000000) refers (Special) to __rtentry2.o(.ARM.Collect$$rtentry$$00000002) for __rt_entry_presh_1
    __rtentry.o(.ARM.Collect$$rtentry$$00000000) refers (Special) to __rtentry4.o(.ARM.Collect$$rtentry$$00000004) for __rt_entry_sh
    _printf_char_file.o(.text) refers to _printf_char_common.o(.text) for _printf_char_common
    _printf_char_file.o(.text) refers to ferror.o(.text) for ferror
    _printf_char_file.o(.text) refers to usart.o(i.fputc) for fputc
    __rtentry2.o(.ARM.Collect$$rtentry$$00000008) refers to boardinit2.o(.text) for _platform_post_stackheap_init
    __rtentry2.o(.ARM.Collect$$rtentry$$0000000A) refers to libinit.o(.ARM.Collect$$libinit$$00000000) for __rt_lib_init
    __rtentry2.o(.ARM.Collect$$rtentry$$0000000B) refers to boardinit3.o(.text) for _platform_post_lib_init
    __rtentry2.o(.ARM.Collect$$rtentry$$0000000D) refers to main.o(i.main) for main
    __rtentry2.o(.ARM.Collect$$rtentry$$0000000D) refers to exit.o(.text) for exit
    __rtentry2.o(.ARM.exidx) refers to __rtentry2.o(.ARM.Collect$$rtentry$$00000001) for .ARM.Collect$$rtentry$$00000001
    __rtentry2.o(.ARM.exidx) refers to __rtentry2.o(.ARM.Collect$$rtentry$$00000008) for .ARM.Collect$$rtentry$$00000008
    __rtentry2.o(.ARM.exidx) refers to __rtentry2.o(.ARM.Collect$$rtentry$$0000000A) for .ARM.Collect$$rtentry$$0000000A
    __rtentry2.o(.ARM.exidx) refers to __rtentry2.o(.ARM.Collect$$rtentry$$0000000B) for .ARM.Collect$$rtentry$$0000000B
    __rtentry2.o(.ARM.exidx) refers to __rtentry2.o(.ARM.Collect$$rtentry$$0000000D) for .ARM.Collect$$rtentry$$0000000D
    __rtentry4.o(.ARM.Collect$$rtentry$$00000004) refers to sys_stackheap_outer.o(.text) for __user_setup_stackheap
    __rtentry4.o(.ARM.exidx) refers to __rtentry4.o(.ARM.Collect$$rtentry$$00000004) for .ARM.Collect$$rtentry$$00000004
    _printf_char_common.o(.text) refers to __printf_nopercent.o(.text) for __printf
    sys_stackheap_outer.o(.text) refers to libspace.o(.text) for __user_perproc_libspace
    sys_stackheap_outer.o(.text) refers to startup_stm32f40_41xxx.o(.text) for __user_initial_stackheap
    exit.o(.text) refers to rtexit.o(.ARM.Collect$$rtexit$$00000000) for __rt_exit
    libinit.o(.ARM.Collect$$libinit$$00000000) refers (Special) to libinit2.o(.ARM.Collect$$libinit$$0000002E) for __rt_lib_init_alloca_1
    libinit.o(.ARM.Collect$$libinit$$00000000) refers (Special) to libinit2.o(.ARM.Collect$$libinit$$0000002C) for __rt_lib_init_argv_1
    libinit.o(.ARM.Collect$$libinit$$00000000) refers (Special) to libinit2.o(.ARM.Collect$$libinit$$0000001B) for __rt_lib_init_atexit_1
    libinit.o(.ARM.Collect$$libinit$$00000000) refers (Special) to libinit2.o(.ARM.Collect$$libinit$$00000021) for __rt_lib_init_clock_1
    libinit.o(.ARM.Collect$$libinit$$00000000) refers (Special) to libinit2.o(.ARM.Collect$$libinit$$00000032) for __rt_lib_init_cpp_1
    libinit.o(.ARM.Collect$$libinit$$00000000) refers (Special) to libinit2.o(.ARM.Collect$$libinit$$00000030) for __rt_lib_init_exceptions_1
    libinit.o(.ARM.Collect$$libinit$$00000000) refers (Special) to libinit2.o(.ARM.Collect$$libinit$$00000001) for __rt_lib_init_fp_1
    libinit.o(.ARM.Collect$$libinit$$00000000) refers (Special) to libinit2.o(.ARM.Collect$$libinit$$0000001F) for __rt_lib_init_fp_trap_1
    libinit.o(.ARM.Collect$$libinit$$00000000) refers (Special) to libinit2.o(.ARM.Collect$$libinit$$00000023) for __rt_lib_init_getenv_1
    libinit.o(.ARM.Collect$$libinit$$00000000) refers (Special) to libinit2.o(.ARM.Collect$$libinit$$0000000A) for __rt_lib_init_heap_1
    libinit.o(.ARM.Collect$$libinit$$00000000) refers (Special) to libinit2.o(.ARM.Collect$$libinit$$00000011) for __rt_lib_init_lc_collate_1
    libinit.o(.ARM.Collect$$libinit$$00000000) refers (Special) to libinit2.o(.ARM.Collect$$libinit$$00000013) for __rt_lib_init_lc_ctype_1
    libinit.o(.ARM.Collect$$libinit$$00000000) refers (Special) to libinit2.o(.ARM.Collect$$libinit$$00000015) for __rt_lib_init_lc_monetary_1
    libinit.o(.ARM.Collect$$libinit$$00000000) refers (Special) to libinit2.o(.ARM.Collect$$libinit$$00000017) for __rt_lib_init_lc_numeric_1
    libinit.o(.ARM.Collect$$libinit$$00000000) refers (Special) to libinit2.o(.ARM.Collect$$libinit$$00000019) for __rt_lib_init_lc_time_1
    libinit.o(.ARM.Collect$$libinit$$00000000) refers (Special) to libinit2.o(.ARM.Collect$$libinit$$00000004) for __rt_lib_init_preinit_1
    libinit.o(.ARM.Collect$$libinit$$00000000) refers (Special) to libinit2.o(.ARM.Collect$$libinit$$0000000E) for __rt_lib_init_rand_1
    libinit.o(.ARM.Collect$$libinit$$00000000) refers (Special) to libinit2.o(.ARM.Collect$$libinit$$00000033) for __rt_lib_init_return
    libinit.o(.ARM.Collect$$libinit$$00000000) refers (Special) to libinit2.o(.ARM.Collect$$libinit$$0000001D) for __rt_lib_init_signal_1
    libinit.o(.ARM.Collect$$libinit$$00000000) refers (Special) to libinit2.o(.ARM.Collect$$libinit$$00000025) for __rt_lib_init_stdio_1
    libinit.o(.ARM.Collect$$libinit$$00000000) refers (Special) to libinit2.o(.ARM.Collect$$libinit$$0000000C) for __rt_lib_init_user_alloc_1
    libspace.o(.text) refers to libspace.o(.bss) for __libspace_start
    rtexit.o(.ARM.Collect$$rtexit$$00000000) refers (Special) to rtexit2.o(.ARM.Collect$$rtexit$$00000004) for __rt_exit_exit
    rtexit.o(.ARM.Collect$$rtexit$$00000000) refers (Special) to rtexit2.o(.ARM.Collect$$rtexit$$00000003) for __rt_exit_ls
    rtexit.o(.ARM.Collect$$rtexit$$00000000) refers (Special) to rtexit2.o(.ARM.Collect$$rtexit$$00000002) for __rt_exit_prels_1
    rtexit.o(.ARM.exidx) refers (Special) to rtexit2.o(.ARM.Collect$$rtexit$$00000004) for __rt_exit_exit
    rtexit.o(.ARM.exidx) refers (Special) to rtexit2.o(.ARM.Collect$$rtexit$$00000003) for __rt_exit_ls
    rtexit.o(.ARM.exidx) refers (Special) to rtexit2.o(.ARM.Collect$$rtexit$$00000002) for __rt_exit_prels_1
    rtexit.o(.ARM.exidx) refers to rtexit.o(.ARM.Collect$$rtexit$$00000000) for .ARM.Collect$$rtexit$$00000000
    libinit2.o(.ARM.Collect$$libinit$$00000001) refers to fpinit.o(x$fpl$fpinit) for _fp_init
    libinit2.o(.ARM.Collect$$libinit$$00000010) refers to libinit2.o(.ARM.Collect$$libinit$$0000000F) for .ARM.Collect$$libinit$$0000000F
    libinit2.o(.ARM.Collect$$libinit$$00000012) refers to libinit2.o(.ARM.Collect$$libinit$$0000000F) for .ARM.Collect$$libinit$$0000000F
    libinit2.o(.ARM.Collect$$libinit$$00000014) refers to libinit2.o(.ARM.Collect$$libinit$$0000000F) for .ARM.Collect$$libinit$$0000000F
    libinit2.o(.ARM.Collect$$libinit$$00000016) refers to libinit2.o(.ARM.Collect$$libinit$$0000000F) for .ARM.Collect$$libinit$$0000000F
    libinit2.o(.ARM.Collect$$libinit$$00000018) refers to libinit2.o(.ARM.Collect$$libinit$$0000000F) for .ARM.Collect$$libinit$$0000000F
    libinit2.o(.ARM.Collect$$libinit$$00000026) refers to argv_veneer.o(.emb_text) for __ARM_argv_veneer
    libinit2.o(.ARM.Collect$$libinit$$00000027) refers to argv_veneer.o(.emb_text) for __ARM_argv_veneer
    rtexit2.o(.ARM.Collect$$rtexit$$00000003) refers to libshutdown.o(.ARM.Collect$$libshutdown$$00000000) for __rt_lib_shutdown
    rtexit2.o(.ARM.Collect$$rtexit$$00000004) refers to usart.o(i._sys_exit) for _sys_exit
    rtexit2.o(.ARM.exidx) refers to rtexit2.o(.ARM.Collect$$rtexit$$00000001) for .ARM.Collect$$rtexit$$00000001
    rtexit2.o(.ARM.exidx) refers to rtexit2.o(.ARM.Collect$$rtexit$$00000003) for .ARM.Collect$$rtexit$$00000003
    rtexit2.o(.ARM.exidx) refers to rtexit2.o(.ARM.Collect$$rtexit$$00000004) for .ARM.Collect$$rtexit$$00000004
    argv_veneer.o(.emb_text) refers to no_argv.o(.text) for __ARM_get_argv
    _get_argv_nomalloc.o(.text) refers (Special) to hrguard.o(.text) for __heap_region$guard
    _get_argv_nomalloc.o(.text) refers to defsig_rtmem_outer.o(.text) for __rt_SIGRTMEM
    _get_argv_nomalloc.o(.text) refers to sys_command.o(.text) for _sys_command_string
    libshutdown.o(.ARM.Collect$$libshutdown$$00000000) refers (Special) to libshutdown2.o(.ARM.Collect$$libshutdown$$00000006) for __rt_lib_shutdown_fp_trap_1
    libshutdown.o(.ARM.Collect$$libshutdown$$00000000) refers (Special) to libshutdown2.o(.ARM.Collect$$libshutdown$$0000000E) for __rt_lib_shutdown_heap_1
    libshutdown.o(.ARM.Collect$$libshutdown$$00000000) refers (Special) to libshutdown2.o(.ARM.Collect$$libshutdown$$0000000F) for __rt_lib_shutdown_return
    libshutdown.o(.ARM.Collect$$libshutdown$$00000000) refers (Special) to libshutdown2.o(.ARM.Collect$$libshutdown$$00000009) for __rt_lib_shutdown_signal_1
    libshutdown.o(.ARM.Collect$$libshutdown$$00000000) refers (Special) to libshutdown2.o(.ARM.Collect$$libshutdown$$00000003) for __rt_lib_shutdown_stdio_1
    libshutdown.o(.ARM.Collect$$libshutdown$$00000000) refers (Special) to libshutdown2.o(.ARM.Collect$$libshutdown$$0000000B) for __rt_lib_shutdown_user_alloc_1
    sys_command.o(.text) refers (Special) to use_no_semi.o(.text) for __I$use$semihosting
    sys_command.o(.text) refers (Special) to indicate_semi.o(.text) for __semihosting_library_function
    defsig_rtmem_outer.o(.text) refers to defsig_rtmem_inner.o(.text) for __rt_SIGRTMEM_inner
    defsig_rtmem_outer.o(.text) refers to defsig_exit.o(.text) for __sig_exit
    defsig_rtmem_formal.o(.text) refers to rt_raise.o(.text) for __rt_raise
    rt_raise.o(.text) refers to __raise.o(.text) for __raise
    rt_raise.o(.text) refers to usart.o(i._sys_exit) for _sys_exit
    defsig_exit.o(.text) refers to usart.o(i._sys_exit) for _sys_exit
    defsig_rtmem_inner.o(.text) refers to defsig_general.o(.text) for __default_signal_display
    __raise.o(.text) refers to defsig.o(CL$$defsig) for __default_signal_handler
    defsig_general.o(.text) refers to sys_wrch.o(.text) for _ttywrch
    sys_wrch.o(.text) refers (Special) to use_no_semi.o(.text) for __I$use$semihosting
    sys_wrch.o(.text) refers (Special) to indicate_semi.o(.text) for __semihosting_library_function
    defsig.o(CL$$defsig) refers to defsig_rtmem_inner.o(.text) for __rt_SIGRTMEM_inner
    defsig_abrt_inner.o(.text) refers to defsig_general.o(.text) for __default_signal_display
    defsig_fpe_inner.o(.text) refers to defsig_general.o(.text) for __default_signal_display
    defsig_rtred_inner.o(.text) refers to defsig_general.o(.text) for __default_signal_display
    defsig_stak_inner.o(.text) refers to defsig_general.o(.text) for __default_signal_display
    defsig_pvfn_inner.o(.text) refers to defsig_general.o(.text) for __default_signal_display
    defsig_cppl_inner.o(.text) refers to defsig_general.o(.text) for __default_signal_display
    defsig_segv_inner.o(.text) refers to defsig_general.o(.text) for __default_signal_display
    defsig_other.o(.text) refers to defsig_general.o(.text) for __default_signal_display


==============================================================================

Removing Unused input sections from the image.

    Removing misc.o(.rev16_text), (4 bytes).
    Removing misc.o(.revsh_text), (4 bytes).
    Removing misc.o(i.NVIC_SetVectorTable), (20 bytes).
    Removing misc.o(i.NVIC_SystemLPConfig), (32 bytes).
    Removing stm32f4xx_fsmc.o(.rev16_text), (4 bytes).
    Removing stm32f4xx_fsmc.o(.revsh_text), (4 bytes).
    Removing stm32f4xx_fsmc.o(i.FSMC_ClearFlag), (64 bytes).
    Removing stm32f4xx_fsmc.o(i.FSMC_ClearITPendingBit), (72 bytes).
    Removing stm32f4xx_fsmc.o(i.FSMC_GetECC), (28 bytes).
    Removing stm32f4xx_fsmc.o(i.FSMC_GetFlagStatus), (56 bytes).
    Removing stm32f4xx_fsmc.o(i.FSMC_GetITStatus), (68 bytes).
    Removing stm32f4xx_fsmc.o(i.FSMC_ITConfig), (128 bytes).
    Removing stm32f4xx_fsmc.o(i.FSMC_NANDCmd), (92 bytes).
    Removing stm32f4xx_fsmc.o(i.FSMC_NANDDeInit), (68 bytes).
    Removing stm32f4xx_fsmc.o(i.FSMC_NANDECCCmd), (92 bytes).
    Removing stm32f4xx_fsmc.o(i.FSMC_NANDInit), (136 bytes).
    Removing stm32f4xx_fsmc.o(i.FSMC_NANDStructInit), (54 bytes).
    Removing stm32f4xx_fsmc.o(i.FSMC_NORSRAMCmd), (52 bytes).
    Removing stm32f4xx_fsmc.o(i.FSMC_NORSRAMDeInit), (54 bytes).
    Removing stm32f4xx_fsmc.o(i.FSMC_NORSRAMInit), (230 bytes).
    Removing stm32f4xx_fsmc.o(i.FSMC_NORSRAMStructInit), (52 bytes).
    Removing stm32f4xx_fsmc.o(i.FSMC_PCCARDCmd), (48 bytes).
    Removing stm32f4xx_fsmc.o(i.FSMC_PCCARDDeInit), (40 bytes).
    Removing stm32f4xx_fsmc.o(i.FSMC_PCCARDInit), (132 bytes).
    Removing stm32f4xx_fsmc.o(i.FSMC_PCCARDStructInit), (60 bytes).
    Removing stm32f4xx_fsmc.o(.constdata), (28 bytes).
    Removing stm32f4xx_gpio.o(.rev16_text), (4 bytes).
    Removing stm32f4xx_gpio.o(.revsh_text), (4 bytes).
    Removing stm32f4xx_gpio.o(i.GPIO_DeInit), (312 bytes).
    Removing stm32f4xx_gpio.o(i.GPIO_PinLockConfig), (34 bytes).
    Removing stm32f4xx_gpio.o(i.GPIO_ReadInputData), (8 bytes).
    Removing stm32f4xx_gpio.o(i.GPIO_ReadInputDataBit), (18 bytes).
    Removing stm32f4xx_gpio.o(i.GPIO_ReadOutputData), (8 bytes).
    Removing stm32f4xx_gpio.o(i.GPIO_StructInit), (18 bytes).
    Removing stm32f4xx_gpio.o(i.GPIO_ToggleBits), (8 bytes).
    Removing stm32f4xx_gpio.o(i.GPIO_Write), (4 bytes).
    Removing stm32f4xx_gpio.o(i.GPIO_WriteBit), (10 bytes).
    Removing stm32f4xx_rcc.o(.rev16_text), (4 bytes).
    Removing stm32f4xx_rcc.o(.revsh_text), (4 bytes).
    Removing stm32f4xx_rcc.o(i.RCC_AHB1PeriphClockLPModeCmd), (32 bytes).
    Removing stm32f4xx_rcc.o(i.RCC_AHB1PeriphResetCmd), (32 bytes).
    Removing stm32f4xx_rcc.o(i.RCC_AHB2PeriphClockCmd), (32 bytes).
    Removing stm32f4xx_rcc.o(i.RCC_AHB2PeriphClockLPModeCmd), (32 bytes).
    Removing stm32f4xx_rcc.o(i.RCC_AHB2PeriphResetCmd), (32 bytes).
    Removing stm32f4xx_rcc.o(i.RCC_AHB3PeriphClockCmd), (32 bytes).
    Removing stm32f4xx_rcc.o(i.RCC_AHB3PeriphClockLPModeCmd), (32 bytes).
    Removing stm32f4xx_rcc.o(i.RCC_AHB3PeriphResetCmd), (32 bytes).
    Removing stm32f4xx_rcc.o(i.RCC_APB1PeriphClockCmd), (32 bytes).
    Removing stm32f4xx_rcc.o(i.RCC_APB1PeriphClockLPModeCmd), (32 bytes).
    Removing stm32f4xx_rcc.o(i.RCC_APB1PeriphResetCmd), (32 bytes).
    Removing stm32f4xx_rcc.o(i.RCC_APB2PeriphClockLPModeCmd), (32 bytes).
    Removing stm32f4xx_rcc.o(i.RCC_APB2PeriphResetCmd), (32 bytes).
    Removing stm32f4xx_rcc.o(i.RCC_AdjustHSICalibrationValue), (24 bytes).
    Removing stm32f4xx_rcc.o(i.RCC_BackupResetCmd), (12 bytes).
    Removing stm32f4xx_rcc.o(i.RCC_ClearFlag), (20 bytes).
    Removing stm32f4xx_rcc.o(i.RCC_ClearITPendingBit), (12 bytes).
    Removing stm32f4xx_rcc.o(i.RCC_ClockSecuritySystemCmd), (12 bytes).
    Removing stm32f4xx_rcc.o(i.RCC_DeInit), (100 bytes).
    Removing stm32f4xx_rcc.o(i.RCC_GetFlagStatus), (64 bytes).
    Removing stm32f4xx_rcc.o(i.RCC_GetITStatus), (24 bytes).
    Removing stm32f4xx_rcc.o(i.RCC_GetSYSCLKSource), (16 bytes).
    Removing stm32f4xx_rcc.o(i.RCC_HCLKConfig), (24 bytes).
    Removing stm32f4xx_rcc.o(i.RCC_HSEConfig), (16 bytes).
    Removing stm32f4xx_rcc.o(i.RCC_HSICmd), (12 bytes).
    Removing stm32f4xx_rcc.o(i.RCC_I2SCLKConfig), (12 bytes).
    Removing stm32f4xx_rcc.o(i.RCC_ITConfig), (32 bytes).
    Removing stm32f4xx_rcc.o(i.RCC_LSEConfig), (44 bytes).
    Removing stm32f4xx_rcc.o(i.RCC_LSEModeConfig), (36 bytes).
    Removing stm32f4xx_rcc.o(i.RCC_LSICmd), (12 bytes).
    Removing stm32f4xx_rcc.o(i.RCC_LTDCCLKDivConfig), (24 bytes).
    Removing stm32f4xx_rcc.o(i.RCC_MCO1Config), (28 bytes).
    Removing stm32f4xx_rcc.o(i.RCC_MCO2Config), (28 bytes).
    Removing stm32f4xx_rcc.o(i.RCC_PCLK1Config), (24 bytes).
    Removing stm32f4xx_rcc.o(i.RCC_PCLK2Config), (24 bytes).
    Removing stm32f4xx_rcc.o(i.RCC_PLLCmd), (12 bytes).
    Removing stm32f4xx_rcc.o(i.RCC_PLLConfig), (36 bytes).
    Removing stm32f4xx_rcc.o(i.RCC_PLLI2SCmd), (12 bytes).
    Removing stm32f4xx_rcc.o(i.RCC_PLLI2SConfig), (16 bytes).
    Removing stm32f4xx_rcc.o(i.RCC_PLLSAICmd), (12 bytes).
    Removing stm32f4xx_rcc.o(i.RCC_PLLSAIConfig), (24 bytes).
    Removing stm32f4xx_rcc.o(i.RCC_RTCCLKCmd), (12 bytes).
    Removing stm32f4xx_rcc.o(i.RCC_RTCCLKConfig), (60 bytes).
    Removing stm32f4xx_rcc.o(i.RCC_SAIBlockACLKConfig), (24 bytes).
    Removing stm32f4xx_rcc.o(i.RCC_SAIBlockBCLKConfig), (24 bytes).
    Removing stm32f4xx_rcc.o(i.RCC_SAIPLLI2SClkDivConfig), (28 bytes).
    Removing stm32f4xx_rcc.o(i.RCC_SAIPLLSAIClkDivConfig), (28 bytes).
    Removing stm32f4xx_rcc.o(i.RCC_SYSCLKConfig), (24 bytes).
    Removing stm32f4xx_rcc.o(i.RCC_TIMCLKPresConfig), (12 bytes).
    Removing stm32f4xx_rcc.o(i.RCC_WaitForHSEStartUp), (56 bytes).
    Removing stm32f4xx_tim.o(.rev16_text), (4 bytes).
    Removing stm32f4xx_tim.o(.revsh_text), (4 bytes).
    Removing stm32f4xx_tim.o(i.TI1_Config), (58 bytes).
    Removing stm32f4xx_tim.o(i.TI2_Config), (80 bytes).
    Removing stm32f4xx_tim.o(i.TI3_Config), (72 bytes).
    Removing stm32f4xx_tim.o(i.TI4_Config), (80 bytes).
    Removing stm32f4xx_tim.o(i.TIM_ARRPreloadConfig), (24 bytes).
    Removing stm32f4xx_tim.o(i.TIM_BDTRConfig), (32 bytes).
    Removing stm32f4xx_tim.o(i.TIM_BDTRStructInit), (18 bytes).
    Removing stm32f4xx_tim.o(i.TIM_CCPreloadControl), (24 bytes).
    Removing stm32f4xx_tim.o(i.TIM_CCxCmd), (30 bytes).
    Removing stm32f4xx_tim.o(i.TIM_CCxNCmd), (30 bytes).
    Removing stm32f4xx_tim.o(i.TIM_ClearFlag), (6 bytes).
    Removing stm32f4xx_tim.o(i.TIM_ClearITPendingBit), (6 bytes).
    Removing stm32f4xx_tim.o(i.TIM_ClearOC1Ref), (18 bytes).
    Removing stm32f4xx_tim.o(i.TIM_ClearOC2Ref), (24 bytes).
    Removing stm32f4xx_tim.o(i.TIM_ClearOC3Ref), (18 bytes).
    Removing stm32f4xx_tim.o(i.TIM_ClearOC4Ref), (24 bytes).
    Removing stm32f4xx_tim.o(i.TIM_Cmd), (24 bytes).
    Removing stm32f4xx_tim.o(i.TIM_CounterModeConfig), (18 bytes).
    Removing stm32f4xx_tim.o(i.TIM_CtrlPWMOutputs), (30 bytes).
    Removing stm32f4xx_tim.o(i.TIM_DMACmd), (18 bytes).
    Removing stm32f4xx_tim.o(i.TIM_DMAConfig), (10 bytes).
    Removing stm32f4xx_tim.o(i.TIM_DeInit), (400 bytes).
    Removing stm32f4xx_tim.o(i.TIM_ETRClockMode1Config), (54 bytes).
    Removing stm32f4xx_tim.o(i.TIM_ETRClockMode2Config), (32 bytes).
    Removing stm32f4xx_tim.o(i.TIM_ETRConfig), (28 bytes).
    Removing stm32f4xx_tim.o(i.TIM_EncoderInterfaceConfig), (66 bytes).
    Removing stm32f4xx_tim.o(i.TIM_ForcedOC1Config), (18 bytes).
    Removing stm32f4xx_tim.o(i.TIM_ForcedOC2Config), (26 bytes).
    Removing stm32f4xx_tim.o(i.TIM_ForcedOC3Config), (18 bytes).
    Removing stm32f4xx_tim.o(i.TIM_ForcedOC4Config), (26 bytes).
    Removing stm32f4xx_tim.o(i.TIM_GenerateEvent), (4 bytes).
    Removing stm32f4xx_tim.o(i.TIM_GetCapture1), (6 bytes).
    Removing stm32f4xx_tim.o(i.TIM_GetCapture2), (6 bytes).
    Removing stm32f4xx_tim.o(i.TIM_GetCapture3), (6 bytes).
    Removing stm32f4xx_tim.o(i.TIM_GetCapture4), (6 bytes).
    Removing stm32f4xx_tim.o(i.TIM_GetCounter), (6 bytes).
    Removing stm32f4xx_tim.o(i.TIM_GetFlagStatus), (18 bytes).
    Removing stm32f4xx_tim.o(i.TIM_GetITStatus), (34 bytes).
    Removing stm32f4xx_tim.o(i.TIM_GetPrescaler), (6 bytes).
    Removing stm32f4xx_tim.o(i.TIM_ICInit), (110 bytes).
    Removing stm32f4xx_tim.o(i.TIM_ICStructInit), (18 bytes).
    Removing stm32f4xx_tim.o(i.TIM_ITConfig), (18 bytes).
    Removing stm32f4xx_tim.o(i.TIM_ITRxExternalClockConfig), (24 bytes).
    Removing stm32f4xx_tim.o(i.TIM_InternalClockConfig), (12 bytes).
    Removing stm32f4xx_tim.o(i.TIM_OC1FastConfig), (18 bytes).
    Removing stm32f4xx_tim.o(i.TIM_OC1Init), (124 bytes).
    Removing stm32f4xx_tim.o(i.TIM_OC1NPolarityConfig), (18 bytes).
    Removing stm32f4xx_tim.o(i.TIM_OC1PolarityConfig), (18 bytes).
    Removing stm32f4xx_tim.o(i.TIM_OC1PreloadConfig), (18 bytes).
    Removing stm32f4xx_tim.o(i.TIM_OC2FastConfig), (26 bytes).
    Removing stm32f4xx_tim.o(i.TIM_OC2Init), (164 bytes).
    Removing stm32f4xx_tim.o(i.TIM_OC2NPolarityConfig), (26 bytes).
    Removing stm32f4xx_tim.o(i.TIM_OC2PolarityConfig), (26 bytes).
    Removing stm32f4xx_tim.o(i.TIM_OC2PreloadConfig), (26 bytes).
    Removing stm32f4xx_tim.o(i.TIM_OC3FastConfig), (18 bytes).
    Removing stm32f4xx_tim.o(i.TIM_OC3Init), (160 bytes).
    Removing stm32f4xx_tim.o(i.TIM_OC3NPolarityConfig), (26 bytes).
    Removing stm32f4xx_tim.o(i.TIM_OC3PolarityConfig), (26 bytes).
    Removing stm32f4xx_tim.o(i.TIM_OC3PreloadConfig), (18 bytes).
    Removing stm32f4xx_tim.o(i.TIM_OC4FastConfig), (26 bytes).
    Removing stm32f4xx_tim.o(i.TIM_OC4Init), (120 bytes).
    Removing stm32f4xx_tim.o(i.TIM_OC4PolarityConfig), (26 bytes).
    Removing stm32f4xx_tim.o(i.TIM_OC4PreloadConfig), (26 bytes).
    Removing stm32f4xx_tim.o(i.TIM_OCStructInit), (20 bytes).
    Removing stm32f4xx_tim.o(i.TIM_PWMIConfig), (124 bytes).
    Removing stm32f4xx_tim.o(i.TIM_PrescalerConfig), (6 bytes).
    Removing stm32f4xx_tim.o(i.TIM_RemapConfig), (6 bytes).
    Removing stm32f4xx_tim.o(i.TIM_SelectCCDMA), (24 bytes).
    Removing stm32f4xx_tim.o(i.TIM_SelectCOM), (24 bytes).
    Removing stm32f4xx_tim.o(i.TIM_SelectHallSensor), (24 bytes).
    Removing stm32f4xx_tim.o(i.TIM_SelectInputTrigger), (18 bytes).
    Removing stm32f4xx_tim.o(i.TIM_SelectMasterSlaveMode), (18 bytes).
    Removing stm32f4xx_tim.o(i.TIM_SelectOCxM), (86 bytes).
    Removing stm32f4xx_tim.o(i.TIM_SelectOnePulseMode), (18 bytes).
    Removing stm32f4xx_tim.o(i.TIM_SelectOutputTrigger), (18 bytes).
    Removing stm32f4xx_tim.o(i.TIM_SelectSlaveMode), (18 bytes).
    Removing stm32f4xx_tim.o(i.TIM_SetAutoreload), (4 bytes).
    Removing stm32f4xx_tim.o(i.TIM_SetClockDivision), (18 bytes).
    Removing stm32f4xx_tim.o(i.TIM_SetCompare1), (4 bytes).
    Removing stm32f4xx_tim.o(i.TIM_SetCompare2), (4 bytes).
    Removing stm32f4xx_tim.o(i.TIM_SetCompare3), (4 bytes).
    Removing stm32f4xx_tim.o(i.TIM_SetCompare4), (4 bytes).
    Removing stm32f4xx_tim.o(i.TIM_SetCounter), (4 bytes).
    Removing stm32f4xx_tim.o(i.TIM_SetIC1Prescaler), (18 bytes).
    Removing stm32f4xx_tim.o(i.TIM_SetIC2Prescaler), (26 bytes).
    Removing stm32f4xx_tim.o(i.TIM_SetIC3Prescaler), (18 bytes).
    Removing stm32f4xx_tim.o(i.TIM_SetIC4Prescaler), (26 bytes).
    Removing stm32f4xx_tim.o(i.TIM_TIxExternalClockConfig), (62 bytes).
    Removing stm32f4xx_tim.o(i.TIM_TimeBaseInit), (132 bytes).
    Removing stm32f4xx_tim.o(i.TIM_TimeBaseStructInit), (18 bytes).
    Removing stm32f4xx_tim.o(i.TIM_UpdateDisableConfig), (24 bytes).
    Removing stm32f4xx_tim.o(i.TIM_UpdateRequestConfig), (24 bytes).
    Removing stm32f4xx_syscfg.o(.rev16_text), (4 bytes).
    Removing stm32f4xx_syscfg.o(.revsh_text), (4 bytes).
    Removing stm32f4xx_syscfg.o(i.SYSCFG_CompensationCellCmd), (12 bytes).
    Removing stm32f4xx_syscfg.o(i.SYSCFG_DeInit), (22 bytes).
    Removing stm32f4xx_syscfg.o(i.SYSCFG_ETH_MediaInterfaceConfig), (12 bytes).
    Removing stm32f4xx_syscfg.o(i.SYSCFG_GetCompensationCellStatus), (24 bytes).
    Removing stm32f4xx_syscfg.o(i.SYSCFG_MemoryRemapConfig), (12 bytes).
    Removing stm32f4xx_syscfg.o(i.SYSCFG_MemorySwappingBank), (12 bytes).
    Removing stm32f4xx_exti.o(.rev16_text), (4 bytes).
    Removing stm32f4xx_exti.o(.revsh_text), (4 bytes).
    Removing stm32f4xx_exti.o(i.EXTI_ClearFlag), (12 bytes).
    Removing stm32f4xx_exti.o(i.EXTI_DeInit), (36 bytes).
    Removing stm32f4xx_exti.o(i.EXTI_GenerateSWInterrupt), (16 bytes).
    Removing stm32f4xx_exti.o(i.EXTI_GetFlagStatus), (24 bytes).
    Removing stm32f4xx_exti.o(i.EXTI_StructInit), (16 bytes).
    Removing stm32f4xx_usart.o(.rev16_text), (4 bytes).
    Removing stm32f4xx_usart.o(.revsh_text), (4 bytes).
    Removing stm32f4xx_usart.o(i.USART_ClearFlag), (18 bytes).
    Removing stm32f4xx_usart.o(i.USART_ClockInit), (32 bytes).
    Removing stm32f4xx_usart.o(i.USART_ClockStructInit), (12 bytes).
    Removing stm32f4xx_usart.o(i.USART_DMACmd), (18 bytes).
    Removing stm32f4xx_usart.o(i.USART_DeInit), (240 bytes).
    Removing stm32f4xx_usart.o(i.USART_HalfDuplexCmd), (24 bytes).
    Removing stm32f4xx_usart.o(i.USART_IrDACmd), (24 bytes).
    Removing stm32f4xx_usart.o(i.USART_IrDAConfig), (18 bytes).
    Removing stm32f4xx_usart.o(i.USART_LINBreakDetectLengthConfig), (18 bytes).
    Removing stm32f4xx_usart.o(i.USART_LINCmd), (24 bytes).
    Removing stm32f4xx_usart.o(i.USART_OneBitMethodCmd), (24 bytes).
    Removing stm32f4xx_usart.o(i.USART_OverSampling8Cmd), (22 bytes).
    Removing stm32f4xx_usart.o(i.USART_ReceiverWakeUpCmd), (24 bytes).
    Removing stm32f4xx_usart.o(i.USART_SendBreak), (10 bytes).
    Removing stm32f4xx_usart.o(i.USART_SetAddress), (18 bytes).
    Removing stm32f4xx_usart.o(i.USART_SetGuardTime), (16 bytes).
    Removing stm32f4xx_usart.o(i.USART_SetPrescaler), (16 bytes).
    Removing stm32f4xx_usart.o(i.USART_SmartCardCmd), (24 bytes).
    Removing stm32f4xx_usart.o(i.USART_SmartCardNACKCmd), (24 bytes).
    Removing stm32f4xx_usart.o(i.USART_StructInit), (24 bytes).
    Removing stm32f4xx_usart.o(i.USART_WakeUpConfig), (18 bytes).
    Removing main.o(.rev16_text), (4 bytes).
    Removing main.o(.revsh_text), (4 bytes).
    Removing system_stm32f4xx.o(.rev16_text), (4 bytes).
    Removing system_stm32f4xx.o(.revsh_text), (4 bytes).
    Removing system_stm32f4xx.o(i.SystemCoreClockUpdate), (192 bytes).
    Removing system_stm32f4xx.o(.data), (20 bytes).
    Removing stm32f4xx_it.o(.rev16_text), (4 bytes).
    Removing stm32f4xx_it.o(.revsh_text), (4 bytes).
    Removing led.o(.rev16_text), (4 bytes).
    Removing led.o(.revsh_text), (4 bytes).
    Removing key.o(.rev16_text), (4 bytes).
    Removing key.o(.revsh_text), (4 bytes).
    Removing delay.o(.rev16_text), (4 bytes).
    Removing delay.o(.revsh_text), (4 bytes).
    Removing delay.o(i.Delay_ms), (94 bytes).
    Removing delay.o(i.Delay_s), (32 bytes).
    Removing delay.o(i.Delay_us), (94 bytes).
    Removing usart.o(.rev16_text), (4 bytes).
    Removing usart.o(.revsh_text), (4 bytes).
    Removing usart.o(i.ESP_CMD_Send), (44 bytes).
    Removing usart.o(i.Send_Str), (44 bytes).

242 unused section(s) (total 8198 bytes) removed from the image.

==============================================================================

Image Symbol Table

    Local Symbols

    Symbol Name                              Value     Ov Type        Size  Object(Section)

    ../clib/angel/boardlib.s                 0x00000000   Number         0  boardinit3.o ABSOLUTE
    ../clib/angel/boardlib.s                 0x00000000   Number         0  boardinit1.o ABSOLUTE
    ../clib/angel/boardlib.s                 0x00000000   Number         0  boardshut.o ABSOLUTE
    ../clib/angel/boardlib.s                 0x00000000   Number         0  boardinit2.o ABSOLUTE
    ../clib/angel/handlers.s                 0x00000000   Number         0  __scatter_copy.o ABSOLUTE
    ../clib/angel/handlers.s                 0x00000000   Number         0  __scatter_zi.o ABSOLUTE
    ../clib/angel/kernel.s                   0x00000000   Number         0  rtexit.o ABSOLUTE
    ../clib/angel/kernel.s                   0x00000000   Number         0  rtexit2.o ABSOLUTE
    ../clib/angel/kernel.s                   0x00000000   Number         0  __rtentry4.o ABSOLUTE
    ../clib/angel/kernel.s                   0x00000000   Number         0  __rtentry.o ABSOLUTE
    ../clib/angel/kernel.s                   0x00000000   Number         0  __rtentry2.o ABSOLUTE
    ../clib/angel/rt.s                       0x00000000   Number         0  rt_raise.o ABSOLUTE
    ../clib/angel/scatter.s                  0x00000000   Number         0  __scatter.o ABSOLUTE
    ../clib/angel/startup.s                  0x00000000   Number         0  __main.o ABSOLUTE
    ../clib/angel/sys.s                      0x00000000   Number         0  indicate_semi.o ABSOLUTE
    ../clib/angel/sys.s                      0x00000000   Number         0  use_no_semi_2.o ABSOLUTE
    ../clib/angel/sys.s                      0x00000000   Number         0  libspace.o ABSOLUTE
    ../clib/angel/sys.s                      0x00000000   Number         0  use_no_semi.o ABSOLUTE
    ../clib/angel/sys.s                      0x00000000   Number         0  sys_stackheap_outer.o ABSOLUTE
    ../clib/angel/sysapp.c                   0x00000000   Number         0  sys_wrch.o ABSOLUTE
    ../clib/angel/sysapp.c                   0x00000000   Number         0  sys_command.o ABSOLUTE
    ../clib/armsys.c                         0x00000000   Number         0  argv_veneer.o ABSOLUTE
    ../clib/armsys.c                         0x00000000   Number         0  argv_veneer.o ABSOLUTE
    ../clib/armsys.c                         0x00000000   Number         0  _get_argv_nomalloc.o ABSOLUTE
    ../clib/armsys.c                         0x00000000   Number         0  no_argv.o ABSOLUTE
    ../clib/heapalloc.c                      0x00000000   Number         0  hrguard.o ABSOLUTE
    ../clib/heapaux.c                        0x00000000   Number         0  heapauxi.o ABSOLUTE
    ../clib/libinit.s                        0x00000000   Number         0  libshutdown2.o ABSOLUTE
    ../clib/libinit.s                        0x00000000   Number         0  libinit.o ABSOLUTE
    ../clib/libinit.s                        0x00000000   Number         0  libinit2.o ABSOLUTE
    ../clib/libinit.s                        0x00000000   Number         0  libshutdown.o ABSOLUTE
    ../clib/printf.c                         0x00000000   Number         0  __printf_nopercent.o ABSOLUTE
    ../clib/printf.c                         0x00000000   Number         0  _printf_char_file.o ABSOLUTE
    ../clib/printf.c                         0x00000000   Number         0  _printf_char_common.o ABSOLUTE
    ../clib/printf.c                         0x00000000   Number         0  noretval__2printf.o ABSOLUTE
    ../clib/printf.c                         0x00000000   Number         0  __2printf.o ABSOLUTE
    ../clib/signal.c                         0x00000000   Number         0  defsig_rtmem_outer.o ABSOLUTE
    ../clib/signal.c                         0x00000000   Number         0  __raise.o ABSOLUTE
    ../clib/signal.c                         0x00000000   Number         0  defsig_rtmem_formal.o ABSOLUTE
    ../clib/signal.c                         0x00000000   Number         0  defsig_exit.o ABSOLUTE
    ../clib/signal.c                         0x00000000   Number         0  defsig_other.o ABSOLUTE
    ../clib/signal.c                         0x00000000   Number         0  defsig_segv_inner.o ABSOLUTE
    ../clib/signal.c                         0x00000000   Number         0  defsig_cppl_inner.o ABSOLUTE
    ../clib/signal.c                         0x00000000   Number         0  defsig_pvfn_inner.o ABSOLUTE
    ../clib/signal.c                         0x00000000   Number         0  defsig_stak_inner.o ABSOLUTE
    ../clib/signal.c                         0x00000000   Number         0  defsig_rtred_inner.o ABSOLUTE
    ../clib/signal.c                         0x00000000   Number         0  defsig_fpe_inner.o ABSOLUTE
    ../clib/signal.c                         0x00000000   Number         0  defsig_abrt_inner.o ABSOLUTE
    ../clib/signal.c                         0x00000000   Number         0  defsig_rtmem_inner.o ABSOLUTE
    ../clib/signal.c                         0x00000000   Number         0  defsig_general.o ABSOLUTE
    ../clib/signal.s                         0x00000000   Number         0  defsig.o ABSOLUTE
    ../clib/stdio.c                          0x00000000   Number         0  ferror.o ABSOLUTE
    ../clib/stdio.c                          0x00000000   Number         0  ferror_locked.o ABSOLUTE
    ../clib/stdlib.c                         0x00000000   Number         0  exit.o ABSOLUTE
    ../fplib/fpinit.s                        0x00000000   Number         0  fpinit.o ABSOLUTE
    ..\CORE\startup_stm32f40_41xxx.s         0x00000000   Number         0  startup_stm32f40_41xxx.o ABSOLUTE
    ..\LIB\src\misc.c                        0x00000000   Number         0  misc.o ABSOLUTE
    ..\LIB\src\stm32f4xx_exti.c              0x00000000   Number         0  stm32f4xx_exti.o ABSOLUTE
    ..\LIB\src\stm32f4xx_fsmc.c              0x00000000   Number         0  stm32f4xx_fsmc.o ABSOLUTE
    ..\LIB\src\stm32f4xx_gpio.c              0x00000000   Number         0  stm32f4xx_gpio.o ABSOLUTE
    ..\LIB\src\stm32f4xx_rcc.c               0x00000000   Number         0  stm32f4xx_rcc.o ABSOLUTE
    ..\LIB\src\stm32f4xx_syscfg.c            0x00000000   Number         0  stm32f4xx_syscfg.o ABSOLUTE
    ..\LIB\src\stm32f4xx_tim.c               0x00000000   Number         0  stm32f4xx_tim.o ABSOLUTE
    ..\LIB\src\stm32f4xx_usart.c             0x00000000   Number         0  stm32f4xx_usart.o ABSOLUTE
    ..\SYSTEM\Delay\delay.c                  0x00000000   Number         0  delay.o ABSOLUTE
    ..\SYSTEM\KEY\key.c                      0x00000000   Number         0  key.o ABSOLUTE
    ..\SYSTEM\LED\led.c                      0x00000000   Number         0  led.o ABSOLUTE
    ..\SYSTEM\UART\usart.c                   0x00000000   Number         0  usart.o ABSOLUTE
    ..\\LIB\\src\\misc.c                     0x00000000   Number         0  misc.o ABSOLUTE
    ..\\LIB\\src\\stm32f4xx_exti.c           0x00000000   Number         0  stm32f4xx_exti.o ABSOLUTE
    ..\\LIB\\src\\stm32f4xx_fsmc.c           0x00000000   Number         0  stm32f4xx_fsmc.o ABSOLUTE
    ..\\LIB\\src\\stm32f4xx_gpio.c           0x00000000   Number         0  stm32f4xx_gpio.o ABSOLUTE
    ..\\LIB\\src\\stm32f4xx_rcc.c            0x00000000   Number         0  stm32f4xx_rcc.o ABSOLUTE
    ..\\LIB\\src\\stm32f4xx_syscfg.c         0x00000000   Number         0  stm32f4xx_syscfg.o ABSOLUTE
    ..\\LIB\\src\\stm32f4xx_tim.c            0x00000000   Number         0  stm32f4xx_tim.o ABSOLUTE
    ..\\LIB\\src\\stm32f4xx_usart.c          0x00000000   Number         0  stm32f4xx_usart.o ABSOLUTE
    ..\\SYSTEM\\Delay\\delay.c               0x00000000   Number         0  delay.o ABSOLUTE
    ..\\SYSTEM\\KEY\\key.c                   0x00000000   Number         0  key.o ABSOLUTE
    ..\\SYSTEM\\LED\\led.c                   0x00000000   Number         0  led.o ABSOLUTE
    ..\\SYSTEM\\UART\\usart.c                0x00000000   Number         0  usart.o ABSOLUTE
    dc.s                                     0x00000000   Number         0  dc.o ABSOLUTE
    main.c                                   0x00000000   Number         0  main.o ABSOLUTE
    main.c                                   0x00000000   Number         0  main.o ABSOLUTE
    stm32f4xx_it.c                           0x00000000   Number         0  stm32f4xx_it.o ABSOLUTE
    stm32f4xx_it.c                           0x00000000   Number         0  stm32f4xx_it.o ABSOLUTE
    system_stm32f4xx.c                       0x00000000   Number         0  system_stm32f4xx.o ABSOLUTE
    system_stm32f4xx.c                       0x00000000   Number         0  system_stm32f4xx.o ABSOLUTE
    RESET                                    0x08000000   Section      392  startup_stm32f40_41xxx.o(RESET)
    !!!main                                  0x08000188   Section        8  __main.o(!!!main)
    !!!scatter                               0x08000190   Section       52  __scatter.o(!!!scatter)
    !!handler_copy                           0x080001c4   Section       26  __scatter_copy.o(!!handler_copy)
    !!handler_zi                             0x080001e0   Section       28  __scatter_zi.o(!!handler_zi)
    .ARM.Collect$$libinit$$00000000          0x080001fc   Section        2  libinit.o(.ARM.Collect$$libinit$$00000000)
    .ARM.Collect$$libinit$$00000001          0x080001fe   Section        4  libinit2.o(.ARM.Collect$$libinit$$00000001)
    .ARM.Collect$$libinit$$00000004          0x08000202   Section        0  libinit2.o(.ARM.Collect$$libinit$$00000004)
    .ARM.Collect$$libinit$$0000000A          0x08000202   Section        0  libinit2.o(.ARM.Collect$$libinit$$0000000A)
    .ARM.Collect$$libinit$$0000000C          0x08000202   Section        0  libinit2.o(.ARM.Collect$$libinit$$0000000C)
    .ARM.Collect$$libinit$$0000000E          0x08000202   Section        0  libinit2.o(.ARM.Collect$$libinit$$0000000E)
    .ARM.Collect$$libinit$$00000011          0x08000202   Section        0  libinit2.o(.ARM.Collect$$libinit$$00000011)
    .ARM.Collect$$libinit$$00000013          0x08000202   Section        0  libinit2.o(.ARM.Collect$$libinit$$00000013)
    .ARM.Collect$$libinit$$00000015          0x08000202   Section        0  libinit2.o(.ARM.Collect$$libinit$$00000015)
    .ARM.Collect$$libinit$$00000017          0x08000202   Section        0  libinit2.o(.ARM.Collect$$libinit$$00000017)
    .ARM.Collect$$libinit$$00000019          0x08000202   Section        0  libinit2.o(.ARM.Collect$$libinit$$00000019)
    .ARM.Collect$$libinit$$0000001B          0x08000202   Section        0  libinit2.o(.ARM.Collect$$libinit$$0000001B)
    .ARM.Collect$$libinit$$0000001D          0x08000202   Section        0  libinit2.o(.ARM.Collect$$libinit$$0000001D)
    .ARM.Collect$$libinit$$0000001F          0x08000202   Section        0  libinit2.o(.ARM.Collect$$libinit$$0000001F)
    .ARM.Collect$$libinit$$00000021          0x08000202   Section        0  libinit2.o(.ARM.Collect$$libinit$$00000021)
    .ARM.Collect$$libinit$$00000023          0x08000202   Section        0  libinit2.o(.ARM.Collect$$libinit$$00000023)
    .ARM.Collect$$libinit$$00000025          0x08000202   Section        0  libinit2.o(.ARM.Collect$$libinit$$00000025)
    .ARM.Collect$$libinit$$0000002C          0x08000202   Section        0  libinit2.o(.ARM.Collect$$libinit$$0000002C)
    .ARM.Collect$$libinit$$0000002E          0x08000202   Section        0  libinit2.o(.ARM.Collect$$libinit$$0000002E)
    .ARM.Collect$$libinit$$00000030          0x08000202   Section        0  libinit2.o(.ARM.Collect$$libinit$$00000030)
    .ARM.Collect$$libinit$$00000032          0x08000202   Section        0  libinit2.o(.ARM.Collect$$libinit$$00000032)
    .ARM.Collect$$libinit$$00000033          0x08000202   Section        2  libinit2.o(.ARM.Collect$$libinit$$00000033)
    .ARM.Collect$$libshutdown$$00000000      0x08000204   Section        2  libshutdown.o(.ARM.Collect$$libshutdown$$00000000)
    .ARM.Collect$$libshutdown$$00000003      0x08000206   Section        0  libshutdown2.o(.ARM.Collect$$libshutdown$$00000003)
    .ARM.Collect$$libshutdown$$00000006      0x08000206   Section        0  libshutdown2.o(.ARM.Collect$$libshutdown$$00000006)
    .ARM.Collect$$libshutdown$$00000009      0x08000206   Section        0  libshutdown2.o(.ARM.Collect$$libshutdown$$00000009)
    .ARM.Collect$$libshutdown$$0000000B      0x08000206   Section        0  libshutdown2.o(.ARM.Collect$$libshutdown$$0000000B)
    .ARM.Collect$$libshutdown$$0000000E      0x08000206   Section        0  libshutdown2.o(.ARM.Collect$$libshutdown$$0000000E)
    .ARM.Collect$$libshutdown$$0000000F      0x08000206   Section        2  libshutdown2.o(.ARM.Collect$$libshutdown$$0000000F)
    .ARM.Collect$$rtentry$$00000000          0x08000208   Section        0  __rtentry.o(.ARM.Collect$$rtentry$$00000000)
    .ARM.Collect$$rtentry$$00000002          0x08000208   Section        0  __rtentry2.o(.ARM.Collect$$rtentry$$00000002)
    .ARM.Collect$$rtentry$$00000004          0x08000208   Section        6  __rtentry4.o(.ARM.Collect$$rtentry$$00000004)
    .ARM.Collect$$rtentry$$00000009          0x0800020e   Section        0  __rtentry2.o(.ARM.Collect$$rtentry$$00000009)
    .ARM.Collect$$rtentry$$0000000A          0x0800020e   Section        4  __rtentry2.o(.ARM.Collect$$rtentry$$0000000A)
    .ARM.Collect$$rtentry$$0000000C          0x08000212   Section        0  __rtentry2.o(.ARM.Collect$$rtentry$$0000000C)
    .ARM.Collect$$rtentry$$0000000D          0x08000212   Section        8  __rtentry2.o(.ARM.Collect$$rtentry$$0000000D)
    .ARM.Collect$$rtexit$$00000000           0x0800021a   Section        2  rtexit.o(.ARM.Collect$$rtexit$$00000000)
    .ARM.Collect$$rtexit$$00000002           0x0800021c   Section        0  rtexit2.o(.ARM.Collect$$rtexit$$00000002)
    .ARM.Collect$$rtexit$$00000003           0x0800021c   Section        4  rtexit2.o(.ARM.Collect$$rtexit$$00000003)
    .ARM.Collect$$rtexit$$00000004           0x08000220   Section        6  rtexit2.o(.ARM.Collect$$rtexit$$00000004)
    .text                                    0x08000228   Section       64  startup_stm32f40_41xxx.o(.text)
    $v0                                      0x08000228   Number         0  startup_stm32f40_41xxx.o(.text)
    .text                                    0x08000268   Section        2  use_no_semi_2.o(.text)
    .text                                    0x0800026c   Section        0  noretval__2printf.o(.text)
    .text                                    0x08000284   Section        0  heapauxi.o(.text)
    .text                                    0x0800028a   Section        2  use_no_semi.o(.text)
    .text                                    0x0800028c   Section        0  _printf_char_file.o(.text)
    .text                                    0x080002b0   Section        0  _printf_char_common.o(.text)
    _printf_input_char                       0x080002b1   Thumb Code    10  _printf_char_common.o(.text)
    .text                                    0x080002e0   Section        0  ferror.o(.text)
    .text                                    0x080002e8   Section       74  sys_stackheap_outer.o(.text)
    .text                                    0x08000332   Section        0  __printf_nopercent.o(.text)
    .text                                    0x0800035a   Section        0  exit.o(.text)
    .text                                    0x08000368   Section        8  libspace.o(.text)
    i.BusFault_Handler                       0x08000370   Section        0  stm32f4xx_it.o(i.BusFault_Handler)
    i.DebugMon_Handler                       0x08000374   Section        0  stm32f4xx_it.o(i.DebugMon_Handler)
    i.Delay_Init                             0x08000376   Section        0  delay.o(i.Delay_Init)
    i.EXTI0_IRQHandler                       0x08000384   Section        0  key.o(i.EXTI0_IRQHandler)
    i.EXTI2_IRQHandler                       0x080003ac   Section        0  key.o(i.EXTI2_IRQHandler)
    i.EXTI3_IRQHandler                       0x080003e4   Section        0  key.o(i.EXTI3_IRQHandler)
    i.EXTI4_IRQHandler                       0x0800041c   Section        0  key.o(i.EXTI4_IRQHandler)
    i.EXTI_ClearITPendingBit                 0x08000454   Section        0  stm32f4xx_exti.o(i.EXTI_ClearITPendingBit)
    i.EXTI_GetITStatus                       0x08000460   Section        0  stm32f4xx_exti.o(i.EXTI_GetITStatus)
    i.EXTI_Init                              0x08000478   Section        0  stm32f4xx_exti.o(i.EXTI_Init)
    i.GPIO_Init                              0x0800050c   Section        0  stm32f4xx_gpio.o(i.GPIO_Init)
    i.GPIO_PinAFConfig                       0x0800059c   Section        0  stm32f4xx_gpio.o(i.GPIO_PinAFConfig)
    i.GPIO_ReadOutputDataBit                 0x080005e2   Section        0  stm32f4xx_gpio.o(i.GPIO_ReadOutputDataBit)
    i.GPIO_ResetBits                         0x080005f4   Section        0  stm32f4xx_gpio.o(i.GPIO_ResetBits)
    i.GPIO_SetBits                           0x080005f8   Section        0  stm32f4xx_gpio.o(i.GPIO_SetBits)
    i.HardFault_Handler                      0x080005fc   Section        0  stm32f4xx_it.o(i.HardFault_Handler)
    i.Key_Init                               0x08000600   Section        0  key.o(i.Key_Init)
    i.Led_Init                               0x080006d8   Section        0  led.o(i.Led_Init)
    i.MemManage_Handler                      0x08000748   Section        0  stm32f4xx_it.o(i.MemManage_Handler)
    i.NMI_Handler                            0x0800074c   Section        0  stm32f4xx_it.o(i.NMI_Handler)
    i.NVIC_Init                              0x08000750   Section        0  misc.o(i.NVIC_Init)
    i.NVIC_PriorityGroupConfig               0x080007c8   Section        0  misc.o(i.NVIC_PriorityGroupConfig)
    i.PendSV_Handler                         0x080007dc   Section        0  stm32f4xx_it.o(i.PendSV_Handler)
    i.RCC_AHB1PeriphClockCmd                 0x080007e0   Section        0  stm32f4xx_rcc.o(i.RCC_AHB1PeriphClockCmd)
    i.RCC_APB2PeriphClockCmd                 0x08000800   Section        0  stm32f4xx_rcc.o(i.RCC_APB2PeriphClockCmd)
    i.RCC_GetClocksFreq                      0x08000820   Section        0  stm32f4xx_rcc.o(i.RCC_GetClocksFreq)
    i.SVC_Handler                            0x08000908   Section        0  stm32f4xx_it.o(i.SVC_Handler)
    i.SYSCFG_EXTILineConfig                  0x0800090c   Section        0  stm32f4xx_syscfg.o(i.SYSCFG_EXTILineConfig)
    i.SetSysClock                            0x0800094c   Section        0  system_stm32f4xx.o(i.SetSysClock)
    SetSysClock                              0x0800094d   Thumb Code   220  system_stm32f4xx.o(i.SetSysClock)
    i.SysTick_CLKSourceConfig                0x08000a38   Section        0  misc.o(i.SysTick_CLKSourceConfig)
    i.SysTick_Handler                        0x08000a60   Section        0  delay.o(i.SysTick_Handler)
    i.SystemInit                             0x08000aa8   Section        0  system_stm32f4xx.o(i.SystemInit)
    i.USART1_IRQHandler                      0x08000b10   Section        0  main.o(i.USART1_IRQHandler)
    i.USART_ClearITPendingBit                0x08000bbc   Section        0  stm32f4xx_usart.o(i.USART_ClearITPendingBit)
    i.USART_Cmd                              0x08000bda   Section        0  stm32f4xx_usart.o(i.USART_Cmd)
    i.USART_GetFlagStatus                    0x08000bf2   Section        0  stm32f4xx_usart.o(i.USART_GetFlagStatus)
    i.USART_GetITStatus                      0x08000c0c   Section        0  stm32f4xx_usart.o(i.USART_GetITStatus)
    i.USART_ITConfig                         0x08000c60   Section        0  stm32f4xx_usart.o(i.USART_ITConfig)
    i.USART_Init                             0x08000cac   Section        0  stm32f4xx_usart.o(i.USART_Init)
    i.USART_ReceiveData                      0x08000d80   Section        0  stm32f4xx_usart.o(i.USART_ReceiveData)
    i.USART_SendData                         0x08000d8a   Section        0  stm32f4xx_usart.o(i.USART_SendData)
    i.Uart1_Init                             0x08000d94   Section        0  usart.o(i.Uart1_Init)
    i.UsageFault_Handler                     0x08000e44   Section        0  stm32f4xx_it.o(i.UsageFault_Handler)
    i._sys_exit                              0x08000e48   Section        0  usart.o(i._sys_exit)
    i.fputc                                  0x08000e50   Section        0  usart.o(i.fputc)
    i.main                                   0x08000e74   Section        0  main.o(i.main)
    x$fpl$fpinit                             0x08000ea8   Section       10  fpinit.o(x$fpl$fpinit)
    $v0                                      0x08000ea8   Number         0  fpinit.o(x$fpl$fpinit)
    .data                                    0x20000000   Section       16  stm32f4xx_rcc.o(.data)
    APBAHBPrescTable                         0x20000000   Data          16  stm32f4xx_rcc.o(.data)
    .data                                    0x20000010   Section        3  main.o(.data)
    .data                                    0x20000014   Section        8  delay.o(.data)
    count                                    0x20000018   Data           4  delay.o(.data)
    .data                                    0x2000001c   Section        4  usart.o(.data)
    .bss                                     0x20000020   Section       40  main.o(.bss)
    .bss                                     0x20000048   Section       96  libspace.o(.bss)
    HEAP                                     0x200000a8   Section      512  startup_stm32f40_41xxx.o(HEAP)
    Heap_Mem                                 0x200000a8   Data         512  startup_stm32f40_41xxx.o(HEAP)
    STACK                                    0x200002a8   Section     1024  startup_stm32f40_41xxx.o(STACK)
    Stack_Mem                                0x200002a8   Data        1024  startup_stm32f40_41xxx.o(STACK)
    __initial_sp                             0x200006a8   Data           0  startup_stm32f40_41xxx.o(STACK)

    Global Symbols

    Symbol Name                              Value     Ov Type        Size  Object(Section)

    BuildAttributes$$THM_ISAv4$E$P$D$K$B$S$7EM$VFPi3$EXTD16$VFPS$VFMA$PE$A:L22UL41UL21$X:L11$S22US41US21$IEEE1$IW$USESV6$~STKCKD$USESV7$~SHL$OSPACE$ROPI$EBA8$UX$STANDARDLIB$REQ8$PRES8$EABIv2 0x00000000   Number         0  anon$$obj.o ABSOLUTE
    __ARM_use_no_argv                        0x00000000   Number         0  main.o ABSOLUTE
    __ARM_exceptions_init                     - Undefined Weak Reference
    __alloca_initialize                       - Undefined Weak Reference
    __arm_preinit_                            - Undefined Weak Reference
    __cpp_initialize__aeabi_                  - Undefined Weak Reference
    __cxa_finalize                            - Undefined Weak Reference
    __rt_locale                               - Undefined Weak Reference
    __sigvec_lookup                           - Undefined Weak Reference
    _atexit_init                              - Undefined Weak Reference
    _call_atexit_fns                          - Undefined Weak Reference
    _clock_init                               - Undefined Weak Reference
    _fp_trap_init                             - Undefined Weak Reference
    _fp_trap_shutdown                         - Undefined Weak Reference
    _get_lc_collate                           - Undefined Weak Reference
    _get_lc_ctype                             - Undefined Weak Reference
    _get_lc_monetary                          - Undefined Weak Reference
    _get_lc_numeric                           - Undefined Weak Reference
    _get_lc_time                              - Undefined Weak Reference
    _getenv_init                              - Undefined Weak Reference
    _handle_redirection                       - Undefined Weak Reference
    _init_alloc                               - Undefined Weak Reference
    _init_user_alloc                          - Undefined Weak Reference
    _initio                                   - Undefined Weak Reference
    _mutex_acquire                            - Undefined Weak Reference
    _mutex_release                            - Undefined Weak Reference
    _rand_init                                - Undefined Weak Reference
    _signal_finish                            - Undefined Weak Reference
    _signal_init                              - Undefined Weak Reference
    _terminate_alloc                          - Undefined Weak Reference
    _terminate_user_alloc                     - Undefined Weak Reference
    _terminateio                              - Undefined Weak Reference
    __Vectors_Size                           0x00000188   Number         0  startup_stm32f40_41xxx.o ABSOLUTE
    __Vectors                                0x08000000   Data           4  startup_stm32f40_41xxx.o(RESET)
    __Vectors_End                            0x08000188   Data           0  startup_stm32f40_41xxx.o(RESET)
    __main                                   0x08000189   Thumb Code     8  __main.o(!!!main)
    __scatterload                            0x08000191   Thumb Code     0  __scatter.o(!!!scatter)
    __scatterload_rt2                        0x08000191   Thumb Code    44  __scatter.o(!!!scatter)
    __scatterload_rt2_thumb_only             0x08000191   Thumb Code     0  __scatter.o(!!!scatter)
    __scatterload_null                       0x0800019f   Thumb Code     0  __scatter.o(!!!scatter)
    __scatterload_copy                       0x080001c5   Thumb Code    26  __scatter_copy.o(!!handler_copy)
    __scatterload_zeroinit                   0x080001e1   Thumb Code    28  __scatter_zi.o(!!handler_zi)
    __rt_lib_init                            0x080001fd   Thumb Code     0  libinit.o(.ARM.Collect$$libinit$$00000000)
    __rt_lib_init_fp_1                       0x080001ff   Thumb Code     0  libinit2.o(.ARM.Collect$$libinit$$00000001)
    __rt_lib_init_alloca_1                   0x08000203   Thumb Code     0  libinit2.o(.ARM.Collect$$libinit$$0000002E)
    __rt_lib_init_argv_1                     0x08000203   Thumb Code     0  libinit2.o(.ARM.Collect$$libinit$$0000002C)
    __rt_lib_init_atexit_1                   0x08000203   Thumb Code     0  libinit2.o(.ARM.Collect$$libinit$$0000001B)
    __rt_lib_init_clock_1                    0x08000203   Thumb Code     0  libinit2.o(.ARM.Collect$$libinit$$00000021)
    __rt_lib_init_cpp_1                      0x08000203   Thumb Code     0  libinit2.o(.ARM.Collect$$libinit$$00000032)
    __rt_lib_init_exceptions_1               0x08000203   Thumb Code     0  libinit2.o(.ARM.Collect$$libinit$$00000030)
    __rt_lib_init_fp_trap_1                  0x08000203   Thumb Code     0  libinit2.o(.ARM.Collect$$libinit$$0000001F)
    __rt_lib_init_getenv_1                   0x08000203   Thumb Code     0  libinit2.o(.ARM.Collect$$libinit$$00000023)
    __rt_lib_init_heap_1                     0x08000203   Thumb Code     0  libinit2.o(.ARM.Collect$$libinit$$0000000A)
    __rt_lib_init_lc_collate_1               0x08000203   Thumb Code     0  libinit2.o(.ARM.Collect$$libinit$$00000011)
    __rt_lib_init_lc_ctype_1                 0x08000203   Thumb Code     0  libinit2.o(.ARM.Collect$$libinit$$00000013)
    __rt_lib_init_lc_monetary_1              0x08000203   Thumb Code     0  libinit2.o(.ARM.Collect$$libinit$$00000015)
    __rt_lib_init_lc_numeric_1               0x08000203   Thumb Code     0  libinit2.o(.ARM.Collect$$libinit$$00000017)
    __rt_lib_init_lc_time_1                  0x08000203   Thumb Code     0  libinit2.o(.ARM.Collect$$libinit$$00000019)
    __rt_lib_init_preinit_1                  0x08000203   Thumb Code     0  libinit2.o(.ARM.Collect$$libinit$$00000004)
    __rt_lib_init_rand_1                     0x08000203   Thumb Code     0  libinit2.o(.ARM.Collect$$libinit$$0000000E)
    __rt_lib_init_return                     0x08000203   Thumb Code     0  libinit2.o(.ARM.Collect$$libinit$$00000033)
    __rt_lib_init_signal_1                   0x08000203   Thumb Code     0  libinit2.o(.ARM.Collect$$libinit$$0000001D)
    __rt_lib_init_stdio_1                    0x08000203   Thumb Code     0  libinit2.o(.ARM.Collect$$libinit$$00000025)
    __rt_lib_init_user_alloc_1               0x08000203   Thumb Code     0  libinit2.o(.ARM.Collect$$libinit$$0000000C)
    __rt_lib_shutdown                        0x08000205   Thumb Code     0  libshutdown.o(.ARM.Collect$$libshutdown$$00000000)
    __rt_lib_shutdown_fp_trap_1              0x08000207   Thumb Code     0  libshutdown2.o(.ARM.Collect$$libshutdown$$00000006)
    __rt_lib_shutdown_heap_1                 0x08000207   Thumb Code     0  libshutdown2.o(.ARM.Collect$$libshutdown$$0000000E)
    __rt_lib_shutdown_return                 0x08000207   Thumb Code     0  libshutdown2.o(.ARM.Collect$$libshutdown$$0000000F)
    __rt_lib_shutdown_signal_1               0x08000207   Thumb Code     0  libshutdown2.o(.ARM.Collect$$libshutdown$$00000009)
    __rt_lib_shutdown_stdio_1                0x08000207   Thumb Code     0  libshutdown2.o(.ARM.Collect$$libshutdown$$00000003)
    __rt_lib_shutdown_user_alloc_1           0x08000207   Thumb Code     0  libshutdown2.o(.ARM.Collect$$libshutdown$$0000000B)
    __rt_entry                               0x08000209   Thumb Code     0  __rtentry.o(.ARM.Collect$$rtentry$$00000000)
    __rt_entry_presh_1                       0x08000209   Thumb Code     0  __rtentry2.o(.ARM.Collect$$rtentry$$00000002)
    __rt_entry_sh                            0x08000209   Thumb Code     0  __rtentry4.o(.ARM.Collect$$rtentry$$00000004)
    __rt_entry_li                            0x0800020f   Thumb Code     0  __rtentry2.o(.ARM.Collect$$rtentry$$0000000A)
    __rt_entry_postsh_1                      0x0800020f   Thumb Code     0  __rtentry2.o(.ARM.Collect$$rtentry$$00000009)
    __rt_entry_main                          0x08000213   Thumb Code     0  __rtentry2.o(.ARM.Collect$$rtentry$$0000000D)
    __rt_entry_postli_1                      0x08000213   Thumb Code     0  __rtentry2.o(.ARM.Collect$$rtentry$$0000000C)
    __rt_exit                                0x0800021b   Thumb Code     0  rtexit.o(.ARM.Collect$$rtexit$$00000000)
    __rt_exit_ls                             0x0800021d   Thumb Code     0  rtexit2.o(.ARM.Collect$$rtexit$$00000003)
    __rt_exit_prels_1                        0x0800021d   Thumb Code     0  rtexit2.o(.ARM.Collect$$rtexit$$00000002)
    __rt_exit_exit                           0x08000221   Thumb Code     0  rtexit2.o(.ARM.Collect$$rtexit$$00000004)
    Reset_Handler                            0x08000229   Thumb Code     8  startup_stm32f40_41xxx.o(.text)
    ADC_IRQHandler                           0x08000243   Thumb Code     0  startup_stm32f40_41xxx.o(.text)
    CAN1_RX0_IRQHandler                      0x08000243   Thumb Code     0  startup_stm32f40_41xxx.o(.text)
    CAN1_RX1_IRQHandler                      0x08000243   Thumb Code     0  startup_stm32f40_41xxx.o(.text)
    CAN1_SCE_IRQHandler                      0x08000243   Thumb Code     0  startup_stm32f40_41xxx.o(.text)
    CAN1_TX_IRQHandler                       0x08000243   Thumb Code     0  startup_stm32f40_41xxx.o(.text)
    CAN2_RX0_IRQHandler                      0x08000243   Thumb Code     0  startup_stm32f40_41xxx.o(.text)
    CAN2_RX1_IRQHandler                      0x08000243   Thumb Code     0  startup_stm32f40_41xxx.o(.text)
    CAN2_SCE_IRQHandler                      0x08000243   Thumb Code     0  startup_stm32f40_41xxx.o(.text)
    CAN2_TX_IRQHandler                       0x08000243   Thumb Code     0  startup_stm32f40_41xxx.o(.text)
    CRYP_IRQHandler                          0x08000243   Thumb Code     0  startup_stm32f40_41xxx.o(.text)
    DCMI_IRQHandler                          0x08000243   Thumb Code     0  startup_stm32f40_41xxx.o(.text)
    DMA1_Stream0_IRQHandler                  0x08000243   Thumb Code     0  startup_stm32f40_41xxx.o(.text)
    DMA1_Stream1_IRQHandler                  0x08000243   Thumb Code     0  startup_stm32f40_41xxx.o(.text)
    DMA1_Stream2_IRQHandler                  0x08000243   Thumb Code     0  startup_stm32f40_41xxx.o(.text)
    DMA1_Stream3_IRQHandler                  0x08000243   Thumb Code     0  startup_stm32f40_41xxx.o(.text)
    DMA1_Stream4_IRQHandler                  0x08000243   Thumb Code     0  startup_stm32f40_41xxx.o(.text)
    DMA1_Stream5_IRQHandler                  0x08000243   Thumb Code     0  startup_stm32f40_41xxx.o(.text)
    DMA1_Stream6_IRQHandler                  0x08000243   Thumb Code     0  startup_stm32f40_41xxx.o(.text)
    DMA1_Stream7_IRQHandler                  0x08000243   Thumb Code     0  startup_stm32f40_41xxx.o(.text)
    DMA2_Stream0_IRQHandler                  0x08000243   Thumb Code     0  startup_stm32f40_41xxx.o(.text)
    DMA2_Stream1_IRQHandler                  0x08000243   Thumb Code     0  startup_stm32f40_41xxx.o(.text)
    DMA2_Stream2_IRQHandler                  0x08000243   Thumb Code     0  startup_stm32f40_41xxx.o(.text)
    DMA2_Stream3_IRQHandler                  0x08000243   Thumb Code     0  startup_stm32f40_41xxx.o(.text)
    DMA2_Stream4_IRQHandler                  0x08000243   Thumb Code     0  startup_stm32f40_41xxx.o(.text)
    DMA2_Stream5_IRQHandler                  0x08000243   Thumb Code     0  startup_stm32f40_41xxx.o(.text)
    DMA2_Stream6_IRQHandler                  0x08000243   Thumb Code     0  startup_stm32f40_41xxx.o(.text)
    DMA2_Stream7_IRQHandler                  0x08000243   Thumb Code     0  startup_stm32f40_41xxx.o(.text)
    ETH_IRQHandler                           0x08000243   Thumb Code     0  startup_stm32f40_41xxx.o(.text)
    ETH_WKUP_IRQHandler                      0x08000243   Thumb Code     0  startup_stm32f40_41xxx.o(.text)
    EXTI15_10_IRQHandler                     0x08000243   Thumb Code     0  startup_stm32f40_41xxx.o(.text)
    EXTI1_IRQHandler                         0x08000243   Thumb Code     0  startup_stm32f40_41xxx.o(.text)
    EXTI9_5_IRQHandler                       0x08000243   Thumb Code     0  startup_stm32f40_41xxx.o(.text)
    FLASH_IRQHandler                         0x08000243   Thumb Code     0  startup_stm32f40_41xxx.o(.text)
    FPU_IRQHandler                           0x08000243   Thumb Code     0  startup_stm32f40_41xxx.o(.text)
    FSMC_IRQHandler                          0x08000243   Thumb Code     0  startup_stm32f40_41xxx.o(.text)
    HASH_RNG_IRQHandler                      0x08000243   Thumb Code     0  startup_stm32f40_41xxx.o(.text)
    I2C1_ER_IRQHandler                       0x08000243   Thumb Code     0  startup_stm32f40_41xxx.o(.text)
    I2C1_EV_IRQHandler                       0x08000243   Thumb Code     0  startup_stm32f40_41xxx.o(.text)
    I2C2_ER_IRQHandler                       0x08000243   Thumb Code     0  startup_stm32f40_41xxx.o(.text)
    I2C2_EV_IRQHandler                       0x08000243   Thumb Code     0  startup_stm32f40_41xxx.o(.text)
    I2C3_ER_IRQHandler                       0x08000243   Thumb Code     0  startup_stm32f40_41xxx.o(.text)
    I2C3_EV_IRQHandler                       0x08000243   Thumb Code     0  startup_stm32f40_41xxx.o(.text)
    OTG_FS_IRQHandler                        0x08000243   Thumb Code     0  startup_stm32f40_41xxx.o(.text)
    OTG_FS_WKUP_IRQHandler                   0x08000243   Thumb Code     0  startup_stm32f40_41xxx.o(.text)
    OTG_HS_EP1_IN_IRQHandler                 0x08000243   Thumb Code     0  startup_stm32f40_41xxx.o(.text)
    OTG_HS_EP1_OUT_IRQHandler                0x08000243   Thumb Code     0  startup_stm32f40_41xxx.o(.text)
    OTG_HS_IRQHandler                        0x08000243   Thumb Code     0  startup_stm32f40_41xxx.o(.text)
    OTG_HS_WKUP_IRQHandler                   0x08000243   Thumb Code     0  startup_stm32f40_41xxx.o(.text)
    PVD_IRQHandler                           0x08000243   Thumb Code     0  startup_stm32f40_41xxx.o(.text)
    RCC_IRQHandler                           0x08000243   Thumb Code     0  startup_stm32f40_41xxx.o(.text)
    RTC_Alarm_IRQHandler                     0x08000243   Thumb Code     0  startup_stm32f40_41xxx.o(.text)
    RTC_WKUP_IRQHandler                      0x08000243   Thumb Code     0  startup_stm32f40_41xxx.o(.text)
    SDIO_IRQHandler                          0x08000243   Thumb Code     0  startup_stm32f40_41xxx.o(.text)
    SPI1_IRQHandler                          0x08000243   Thumb Code     0  startup_stm32f40_41xxx.o(.text)
    SPI2_IRQHandler                          0x08000243   Thumb Code     0  startup_stm32f40_41xxx.o(.text)
    SPI3_IRQHandler                          0x08000243   Thumb Code     0  startup_stm32f40_41xxx.o(.text)
    TAMP_STAMP_IRQHandler                    0x08000243   Thumb Code     0  startup_stm32f40_41xxx.o(.text)
    TIM1_BRK_TIM9_IRQHandler                 0x08000243   Thumb Code     0  startup_stm32f40_41xxx.o(.text)
    TIM1_CC_IRQHandler                       0x08000243   Thumb Code     0  startup_stm32f40_41xxx.o(.text)
    TIM1_TRG_COM_TIM11_IRQHandler            0x08000243   Thumb Code     0  startup_stm32f40_41xxx.o(.text)
    TIM1_UP_TIM10_IRQHandler                 0x08000243   Thumb Code     0  startup_stm32f40_41xxx.o(.text)
    TIM2_IRQHandler                          0x08000243   Thumb Code     0  startup_stm32f40_41xxx.o(.text)
    TIM3_IRQHandler                          0x08000243   Thumb Code     0  startup_stm32f40_41xxx.o(.text)
    TIM4_IRQHandler                          0x08000243   Thumb Code     0  startup_stm32f40_41xxx.o(.text)
    TIM5_IRQHandler                          0x08000243   Thumb Code     0  startup_stm32f40_41xxx.o(.text)
    TIM6_DAC_IRQHandler                      0x08000243   Thumb Code     0  startup_stm32f40_41xxx.o(.text)
    TIM7_IRQHandler                          0x08000243   Thumb Code     0  startup_stm32f40_41xxx.o(.text)
    TIM8_BRK_TIM12_IRQHandler                0x08000243   Thumb Code     0  startup_stm32f40_41xxx.o(.text)
    TIM8_CC_IRQHandler                       0x08000243   Thumb Code     0  startup_stm32f40_41xxx.o(.text)
    TIM8_TRG_COM_TIM14_IRQHandler            0x08000243   Thumb Code     0  startup_stm32f40_41xxx.o(.text)
    TIM8_UP_TIM13_IRQHandler                 0x08000243   Thumb Code     0  startup_stm32f40_41xxx.o(.text)
    UART4_IRQHandler                         0x08000243   Thumb Code     0  startup_stm32f40_41xxx.o(.text)
    UART5_IRQHandler                         0x08000243   Thumb Code     0  startup_stm32f40_41xxx.o(.text)
    USART2_IRQHandler                        0x08000243   Thumb Code     0  startup_stm32f40_41xxx.o(.text)
    USART3_IRQHandler                        0x08000243   Thumb Code     0  startup_stm32f40_41xxx.o(.text)
    USART6_IRQHandler                        0x08000243   Thumb Code     0  startup_stm32f40_41xxx.o(.text)
    WWDG_IRQHandler                          0x08000243   Thumb Code     0  startup_stm32f40_41xxx.o(.text)
    __user_initial_stackheap                 0x08000245   Thumb Code     0  startup_stm32f40_41xxx.o(.text)
    __use_no_semihosting                     0x08000269   Thumb Code     2  use_no_semi_2.o(.text)
    __2printf                                0x0800026d   Thumb Code    20  noretval__2printf.o(.text)
    __use_two_region_memory                  0x08000285   Thumb Code     2  heapauxi.o(.text)
    __rt_heap_escrow$2region                 0x08000287   Thumb Code     2  heapauxi.o(.text)
    __rt_heap_expand$2region                 0x08000289   Thumb Code     2  heapauxi.o(.text)
    __I$use$semihosting                      0x0800028b   Thumb Code     0  use_no_semi.o(.text)
    __use_no_semihosting_swi                 0x0800028b   Thumb Code     2  use_no_semi.o(.text)
    _printf_char_file                        0x0800028d   Thumb Code    32  _printf_char_file.o(.text)
    _printf_char_common                      0x080002bb   Thumb Code    32  _printf_char_common.o(.text)
    ferror                                   0x080002e1   Thumb Code     8  ferror.o(.text)
    __user_setup_stackheap                   0x080002e9   Thumb Code    74  sys_stackheap_outer.o(.text)
    __printf                                 0x08000333   Thumb Code    40  __printf_nopercent.o(.text)
    exit                                     0x0800035b   Thumb Code    12  exit.o(.text)
    __user_libspace                          0x08000369   Thumb Code     8  libspace.o(.text)
    __user_perproc_libspace                  0x08000369   Thumb Code     0  libspace.o(.text)
    __user_perthread_libspace                0x08000369   Thumb Code     0  libspace.o(.text)
    BusFault_Handler                         0x08000371   Thumb Code     4  stm32f4xx_it.o(i.BusFault_Handler)
    DebugMon_Handler                         0x08000375   Thumb Code     2  stm32f4xx_it.o(i.DebugMon_Handler)
    Delay_Init                               0x08000377   Thumb Code    12  delay.o(i.Delay_Init)
    EXTI0_IRQHandler                         0x08000385   Thumb Code    30  key.o(i.EXTI0_IRQHandler)
    EXTI2_IRQHandler                         0x080003ad   Thumb Code    52  key.o(i.EXTI2_IRQHandler)
    EXTI3_IRQHandler                         0x080003e5   Thumb Code    52  key.o(i.EXTI3_IRQHandler)
    EXTI4_IRQHandler                         0x0800041d   Thumb Code    52  key.o(i.EXTI4_IRQHandler)
    EXTI_ClearITPendingBit                   0x08000455   Thumb Code     6  stm32f4xx_exti.o(i.EXTI_ClearITPendingBit)
    EXTI_GetITStatus                         0x08000461   Thumb Code    20  stm32f4xx_exti.o(i.EXTI_GetITStatus)
    EXTI_Init                                0x08000479   Thumb Code   142  stm32f4xx_exti.o(i.EXTI_Init)
    GPIO_Init                                0x0800050d   Thumb Code   144  stm32f4xx_gpio.o(i.GPIO_Init)
    GPIO_PinAFConfig                         0x0800059d   Thumb Code    70  stm32f4xx_gpio.o(i.GPIO_PinAFConfig)
    GPIO_ReadOutputDataBit                   0x080005e3   Thumb Code    18  stm32f4xx_gpio.o(i.GPIO_ReadOutputDataBit)
    GPIO_ResetBits                           0x080005f5   Thumb Code     4  stm32f4xx_gpio.o(i.GPIO_ResetBits)
    GPIO_SetBits                             0x080005f9   Thumb Code     4  stm32f4xx_gpio.o(i.GPIO_SetBits)
    HardFault_Handler                        0x080005fd   Thumb Code     4  stm32f4xx_it.o(i.HardFault_Handler)
    Key_Init                                 0x08000601   Thumb Code   208  key.o(i.Key_Init)
    Led_Init                                 0x080006d9   Thumb Code   102  led.o(i.Led_Init)
    MemManage_Handler                        0x08000749   Thumb Code     4  stm32f4xx_it.o(i.MemManage_Handler)
    NMI_Handler                              0x0800074d   Thumb Code     2  stm32f4xx_it.o(i.NMI_Handler)
    NVIC_Init                                0x08000751   Thumb Code   106  misc.o(i.NVIC_Init)
    NVIC_PriorityGroupConfig                 0x080007c9   Thumb Code    10  misc.o(i.NVIC_PriorityGroupConfig)
    PendSV_Handler                           0x080007dd   Thumb Code     2  stm32f4xx_it.o(i.PendSV_Handler)
    RCC_AHB1PeriphClockCmd                   0x080007e1   Thumb Code    26  stm32f4xx_rcc.o(i.RCC_AHB1PeriphClockCmd)
    RCC_APB2PeriphClockCmd                   0x08000801   Thumb Code    26  stm32f4xx_rcc.o(i.RCC_APB2PeriphClockCmd)
    RCC_GetClocksFreq                        0x08000821   Thumb Code   214  stm32f4xx_rcc.o(i.RCC_GetClocksFreq)
    SVC_Handler                              0x08000909   Thumb Code     2  stm32f4xx_it.o(i.SVC_Handler)
    SYSCFG_EXTILineConfig                    0x0800090d   Thumb Code    60  stm32f4xx_syscfg.o(i.SYSCFG_EXTILineConfig)
    SysTick_CLKSourceConfig                  0x08000a39   Thumb Code    40  misc.o(i.SysTick_CLKSourceConfig)
    SysTick_Handler                          0x08000a61   Thumb Code    56  delay.o(i.SysTick_Handler)
    SystemInit                               0x08000aa9   Thumb Code    88  system_stm32f4xx.o(i.SystemInit)
    USART1_IRQHandler                        0x08000b11   Thumb Code   146  main.o(i.USART1_IRQHandler)
    USART_ClearITPendingBit                  0x08000bbd   Thumb Code    30  stm32f4xx_usart.o(i.USART_ClearITPendingBit)
    USART_Cmd                                0x08000bdb   Thumb Code    24  stm32f4xx_usart.o(i.USART_Cmd)
    USART_GetFlagStatus                      0x08000bf3   Thumb Code    26  stm32f4xx_usart.o(i.USART_GetFlagStatus)
    USART_GetITStatus                        0x08000c0d   Thumb Code    84  stm32f4xx_usart.o(i.USART_GetITStatus)
    USART_ITConfig                           0x08000c61   Thumb Code    74  stm32f4xx_usart.o(i.USART_ITConfig)
    USART_Init                               0x08000cad   Thumb Code   204  stm32f4xx_usart.o(i.USART_Init)
    USART_ReceiveData                        0x08000d81   Thumb Code    10  stm32f4xx_usart.o(i.USART_ReceiveData)
    USART_SendData                           0x08000d8b   Thumb Code     8  stm32f4xx_usart.o(i.USART_SendData)
    Uart1_Init                               0x08000d95   Thumb Code   166  usart.o(i.Uart1_Init)
    UsageFault_Handler                       0x08000e45   Thumb Code     4  stm32f4xx_it.o(i.UsageFault_Handler)
    _sys_exit                                0x08000e49   Thumb Code     6  usart.o(i._sys_exit)
    fputc                                    0x08000e51   Thumb Code    32  usart.o(i.fputc)
    main                                     0x08000e75   Thumb Code    34  main.o(i.main)
    _fp_init                                 0x08000ea9   Thumb Code    10  fpinit.o(x$fpl$fpinit)
    __fplib_config_fpu_vfp                   0x08000eb1   Thumb Code     0  fpinit.o(x$fpl$fpinit)
    __fplib_config_pureend_doubles           0x08000eb1   Thumb Code     0  fpinit.o(x$fpl$fpinit)
    Region$$Table$$Base                      0x08000eb4   Number         0  anon$$obj.o(Region$$Table)
    Region$$Table$$Limit                     0x08000ed4   Number         0  anon$$obj.o(Region$$Table)
    rx_count                                 0x20000010   Data           1  main.o(.data)
    rx_i                                     0x20000011   Data           1  main.o(.data)
    rx_flag                                  0x20000012   Data           1  main.o(.data)
    time_num                                 0x20000014   Data           4  delay.o(.data)
    __stdout                                 0x2000001c   Data           4  usart.o(.data)
    buffer                                   0x20000020   Data          20  main.o(.bss)
    rx_buffer                                0x20000034   Data          20  main.o(.bss)
    __libspace_start                         0x20000048   Data          96  libspace.o(.bss)
    __temporary_stack_top$libspace           0x200000a8   Data           0  libspace.o(.bss)



==============================================================================

Memory Map of the image

  Image Entry point : 0x08000189

  Load Region LR_IROM1 (Base: 0x08000000, Size: 0x00000ef4, Max: 0x00080000, ABSOLUTE)

    Execution Region ER_IROM1 (Base: 0x08000000, Size: 0x00000ed4, Max: 0x00080000, ABSOLUTE)

    Base Addr    Size         Type   Attr      Idx    E Section Name        Object

    0x08000000   0x00000188   Data   RO         1927    RESET               startup_stm32f40_41xxx.o
    0x08000188   0x00000008   Code   RO         1942  * !!!main             c_w.l(__main.o)
    0x08000190   0x00000034   Code   RO         2106    !!!scatter          c_w.l(__scatter.o)
    0x080001c4   0x0000001a   Code   RO         2108    !!handler_copy      c_w.l(__scatter_copy.o)
    0x080001de   0x00000002   PAD
    0x080001e0   0x0000001c   Code   RO         2110    !!handler_zi        c_w.l(__scatter_zi.o)
    0x080001fc   0x00000002   Code   RO         1981    .ARM.Collect$$libinit$$00000000  c_w.l(libinit.o)
    0x080001fe   0x00000004   Code   RO         1987    .ARM.Collect$$libinit$$00000001  c_w.l(libinit2.o)
    0x08000202   0x00000000   Code   RO         1990    .ARM.Collect$$libinit$$00000004  c_w.l(libinit2.o)
    0x08000202   0x00000000   Code   RO         1993    .ARM.Collect$$libinit$$0000000A  c_w.l(libinit2.o)
    0x08000202   0x00000000   Code   RO         1995    .ARM.Collect$$libinit$$0000000C  c_w.l(libinit2.o)
    0x08000202   0x00000000   Code   RO         1997    .ARM.Collect$$libinit$$0000000E  c_w.l(libinit2.o)
    0x08000202   0x00000000   Code   RO         2000    .ARM.Collect$$libinit$$00000011  c_w.l(libinit2.o)
    0x08000202   0x00000000   Code   RO         2002    .ARM.Collect$$libinit$$00000013  c_w.l(libinit2.o)
    0x08000202   0x00000000   Code   RO         2004    .ARM.Collect$$libinit$$00000015  c_w.l(libinit2.o)
    0x08000202   0x00000000   Code   RO         2006    .ARM.Collect$$libinit$$00000017  c_w.l(libinit2.o)
    0x08000202   0x00000000   Code   RO         2008    .ARM.Collect$$libinit$$00000019  c_w.l(libinit2.o)
    0x08000202   0x00000000   Code   RO         2010    .ARM.Collect$$libinit$$0000001B  c_w.l(libinit2.o)
    0x08000202   0x00000000   Code   RO         2012    .ARM.Collect$$libinit$$0000001D  c_w.l(libinit2.o)
    0x08000202   0x00000000   Code   RO         2014    .ARM.Collect$$libinit$$0000001F  c_w.l(libinit2.o)
    0x08000202   0x00000000   Code   RO         2016    .ARM.Collect$$libinit$$00000021  c_w.l(libinit2.o)
    0x08000202   0x00000000   Code   RO         2018    .ARM.Collect$$libinit$$00000023  c_w.l(libinit2.o)
    0x08000202   0x00000000   Code   RO         2020    .ARM.Collect$$libinit$$00000025  c_w.l(libinit2.o)
    0x08000202   0x00000000   Code   RO         2024    .ARM.Collect$$libinit$$0000002C  c_w.l(libinit2.o)
    0x08000202   0x00000000   Code   RO         2026    .ARM.Collect$$libinit$$0000002E  c_w.l(libinit2.o)
    0x08000202   0x00000000   Code   RO         2028    .ARM.Collect$$libinit$$00000030  c_w.l(libinit2.o)
    0x08000202   0x00000000   Code   RO         2030    .ARM.Collect$$libinit$$00000032  c_w.l(libinit2.o)
    0x08000202   0x00000002   Code   RO         2031    .ARM.Collect$$libinit$$00000033  c_w.l(libinit2.o)
    0x08000204   0x00000002   Code   RO         2049    .ARM.Collect$$libshutdown$$00000000  c_w.l(libshutdown.o)
    0x08000206   0x00000000   Code   RO         2060    .ARM.Collect$$libshutdown$$00000003  c_w.l(libshutdown2.o)
    0x08000206   0x00000000   Code   RO         2063    .ARM.Collect$$libshutdown$$00000006  c_w.l(libshutdown2.o)
    0x08000206   0x00000000   Code   RO         2066    .ARM.Collect$$libshutdown$$00000009  c_w.l(libshutdown2.o)
    0x08000206   0x00000000   Code   RO         2068    .ARM.Collect$$libshutdown$$0000000B  c_w.l(libshutdown2.o)
    0x08000206   0x00000000   Code   RO         2071    .ARM.Collect$$libshutdown$$0000000E  c_w.l(libshutdown2.o)
    0x08000206   0x00000002   Code   RO         2072    .ARM.Collect$$libshutdown$$0000000F  c_w.l(libshutdown2.o)
    0x08000208   0x00000000   Code   RO         1946    .ARM.Collect$$rtentry$$00000000  c_w.l(__rtentry.o)
    0x08000208   0x00000000   Code   RO         1950    .ARM.Collect$$rtentry$$00000002  c_w.l(__rtentry2.o)
    0x08000208   0x00000006   Code   RO         1962    .ARM.Collect$$rtentry$$00000004  c_w.l(__rtentry4.o)
    0x0800020e   0x00000000   Code   RO         1952    .ARM.Collect$$rtentry$$00000009  c_w.l(__rtentry2.o)
    0x0800020e   0x00000004   Code   RO         1953    .ARM.Collect$$rtentry$$0000000A  c_w.l(__rtentry2.o)
    0x08000212   0x00000000   Code   RO         1955    .ARM.Collect$$rtentry$$0000000C  c_w.l(__rtentry2.o)
    0x08000212   0x00000008   Code   RO         1956    .ARM.Collect$$rtentry$$0000000D  c_w.l(__rtentry2.o)
    0x0800021a   0x00000002   Code   RO         1985    .ARM.Collect$$rtexit$$00000000  c_w.l(rtexit.o)
    0x0800021c   0x00000000   Code   RO         2033    .ARM.Collect$$rtexit$$00000002  c_w.l(rtexit2.o)
    0x0800021c   0x00000004   Code   RO         2034    .ARM.Collect$$rtexit$$00000003  c_w.l(rtexit2.o)
    0x08000220   0x00000006   Code   RO         2035    .ARM.Collect$$rtexit$$00000004  c_w.l(rtexit2.o)
    0x08000226   0x00000002   PAD
    0x08000228   0x00000040   Code   RO         1928    .text               startup_stm32f40_41xxx.o
    0x08000268   0x00000002   Code   RO         1934    .text               c_w.l(use_no_semi_2.o)
    0x0800026a   0x00000002   PAD
    0x0800026c   0x00000018   Code   RO         1938    .text               c_w.l(noretval__2printf.o)
    0x08000284   0x00000006   Code   RO         1940    .text               c_w.l(heapauxi.o)
    0x0800028a   0x00000002   Code   RO         1944    .text               c_w.l(use_no_semi.o)
    0x0800028c   0x00000024   Code   RO         1947    .text               c_w.l(_printf_char_file.o)
    0x080002b0   0x00000030   Code   RO         1964    .text               c_w.l(_printf_char_common.o)
    0x080002e0   0x00000008   Code   RO         1966    .text               c_w.l(ferror.o)
    0x080002e8   0x0000004a   Code   RO         1970    .text               c_w.l(sys_stackheap_outer.o)
    0x08000332   0x00000028   Code   RO         1972    .text               c_w.l(__printf_nopercent.o)
    0x0800035a   0x0000000c   Code   RO         1974    .text               c_w.l(exit.o)
    0x08000366   0x00000002   PAD
    0x08000368   0x00000008   Code   RO         1982    .text               c_w.l(libspace.o)
    0x08000370   0x00000004   Code   RO         1697    i.BusFault_Handler  stm32f4xx_it.o
    0x08000374   0x00000002   Code   RO         1698    i.DebugMon_Handler  stm32f4xx_it.o
    0x08000376   0x0000000c   Code   RO         1829    i.Delay_Init        delay.o
    0x08000382   0x00000002   PAD
    0x08000384   0x00000028   Code   RO         1785    i.EXTI0_IRQHandler  key.o
    0x080003ac   0x00000038   Code   RO         1786    i.EXTI2_IRQHandler  key.o
    0x080003e4   0x00000038   Code   RO         1787    i.EXTI3_IRQHandler  key.o
    0x0800041c   0x00000038   Code   RO         1788    i.EXTI4_IRQHandler  key.o
    0x08000454   0x0000000c   Code   RO         1336    i.EXTI_ClearITPendingBit  stm32f4xx_exti.o
    0x08000460   0x00000018   Code   RO         1340    i.EXTI_GetITStatus  stm32f4xx_exti.o
    0x08000478   0x00000094   Code   RO         1341    i.EXTI_Init         stm32f4xx_exti.o
    0x0800050c   0x00000090   Code   RO          286    i.GPIO_Init         stm32f4xx_gpio.o
    0x0800059c   0x00000046   Code   RO          287    i.GPIO_PinAFConfig  stm32f4xx_gpio.o
    0x080005e2   0x00000012   Code   RO          292    i.GPIO_ReadOutputDataBit  stm32f4xx_gpio.o
    0x080005f4   0x00000004   Code   RO          293    i.GPIO_ResetBits    stm32f4xx_gpio.o
    0x080005f8   0x00000004   Code   RO          294    i.GPIO_SetBits      stm32f4xx_gpio.o
    0x080005fc   0x00000004   Code   RO         1699    i.HardFault_Handler  stm32f4xx_it.o
    0x08000600   0x000000d8   Code   RO         1789    i.Key_Init          key.o
    0x080006d8   0x00000070   Code   RO         1762    i.Led_Init          led.o
    0x08000748   0x00000004   Code   RO         1700    i.MemManage_Handler  stm32f4xx_it.o
    0x0800074c   0x00000002   Code   RO         1701    i.NMI_Handler       stm32f4xx_it.o
    0x0800074e   0x00000002   PAD
    0x08000750   0x00000078   Code   RO            3    i.NVIC_Init         misc.o
    0x080007c8   0x00000014   Code   RO            4    i.NVIC_PriorityGroupConfig  misc.o
    0x080007dc   0x00000002   Code   RO         1702    i.PendSV_Handler    stm32f4xx_it.o
    0x080007de   0x00000002   PAD
    0x080007e0   0x00000020   Code   RO          383    i.RCC_AHB1PeriphClockCmd  stm32f4xx_rcc.o
    0x08000800   0x00000020   Code   RO          395    i.RCC_APB2PeriphClockCmd  stm32f4xx_rcc.o
    0x08000820   0x000000e8   Code   RO          404    i.RCC_GetClocksFreq  stm32f4xx_rcc.o
    0x08000908   0x00000002   Code   RO         1703    i.SVC_Handler       stm32f4xx_it.o
    0x0800090a   0x00000002   PAD
    0x0800090c   0x00000040   Code   RO         1282    i.SYSCFG_EXTILineConfig  stm32f4xx_syscfg.o
    0x0800094c   0x000000ec   Code   RO         1660    i.SetSysClock       system_stm32f4xx.o
    0x08000a38   0x00000028   Code   RO            7    i.SysTick_CLKSourceConfig  misc.o
    0x08000a60   0x00000048   Code   RO         1833    i.SysTick_Handler   delay.o
    0x08000aa8   0x00000068   Code   RO         1662    i.SystemInit        system_stm32f4xx.o
    0x08000b10   0x000000ac   Code   RO         1585    i.USART1_IRQHandler  main.o
    0x08000bbc   0x0000001e   Code   RO         1398    i.USART_ClearITPendingBit  stm32f4xx_usart.o
    0x08000bda   0x00000018   Code   RO         1401    i.USART_Cmd         stm32f4xx_usart.o
    0x08000bf2   0x0000001a   Code   RO         1404    i.USART_GetFlagStatus  stm32f4xx_usart.o
    0x08000c0c   0x00000054   Code   RO         1405    i.USART_GetITStatus  stm32f4xx_usart.o
    0x08000c60   0x0000004a   Code   RO         1407    i.USART_ITConfig    stm32f4xx_usart.o
    0x08000caa   0x00000002   PAD
    0x08000cac   0x000000d4   Code   RO         1408    i.USART_Init        stm32f4xx_usart.o
    0x08000d80   0x0000000a   Code   RO         1415    i.USART_ReceiveData  stm32f4xx_usart.o
    0x08000d8a   0x00000008   Code   RO         1418    i.USART_SendData    stm32f4xx_usart.o
    0x08000d92   0x00000002   PAD
    0x08000d94   0x000000b0   Code   RO         1878    i.Uart1_Init        usart.o
    0x08000e44   0x00000004   Code   RO         1704    i.UsageFault_Handler  stm32f4xx_it.o
    0x08000e48   0x00000006   Code   RO         1879    i._sys_exit         usart.o
    0x08000e4e   0x00000002   PAD
    0x08000e50   0x00000024   Code   RO         1880    i.fputc             usart.o
    0x08000e74   0x00000034   Code   RO         1586    i.main              main.o
    0x08000ea8   0x0000000a   Code   RO         2041    x$fpl$fpinit        fz_wm.l(fpinit.o)
    0x08000eb2   0x00000002   PAD
    0x08000eb4   0x00000020   Data   RO         2104    Region$$Table       anon$$obj.o


    Execution Region RW_IRAM1 (Base: 0x20000000, Size: 0x000006a8, Max: 0x00020000, ABSOLUTE)

    Base Addr    Size         Type   Attr      Idx    E Section Name        Object

    0x20000000   0x00000010   Data   RW          436    .data               stm32f4xx_rcc.o
    0x20000010   0x00000003   Data   RW         1588    .data               main.o
    0x20000013   0x00000001   PAD
    0x20000014   0x00000008   Data   RW         1834    .data               delay.o
    0x2000001c   0x00000004   Data   RW         1881    .data               usart.o
    0x20000020   0x00000028   Zero   RW         1587    .bss                main.o
    0x20000048   0x00000060   Zero   RW         1983    .bss                c_w.l(libspace.o)
    0x200000a8   0x00000200   Zero   RW         1926    HEAP                startup_stm32f40_41xxx.o
    0x200002a8   0x00000400   Zero   RW         1925    STACK               startup_stm32f40_41xxx.o


==============================================================================

Image component sizes


      Code (inc. data)   RO Data    RW Data    ZI Data      Debug   Object Name

        84         16          0          8          0       1210   delay.o
       424         30          0          0          0       2735   key.o
       112         10          0          0          0        547   led.o
       224         44          0          3         40     229248   main.o
       180         24          0          0          0     266221   misc.o
        64         26        392          0       1536        840   startup_stm32f40_41xxx.o
       184         16          0          0          0       2048   stm32f4xx_exti.o
       240          0          0          0          0       3448   stm32f4xx_gpio.o
        24          0          0          0          0       3580   stm32f4xx_it.o
       296         30          0         16          0       3982   stm32f4xx_rcc.o
        64          4          0          0          0        644   stm32f4xx_syscfg.o
       468          8          0          0          0       5983   stm32f4xx_usart.o
       340         32          0          0          0       1461   system_stm32f4xx.o
       218         14          0          4          0       3551   usart.o

    ----------------------------------------------------------------------
      2936        254        424         32       1576     525498   Object Totals
         0          0         32          0          0          0   (incl. Generated)
        14          0          0          1          0          0   (incl. Padding)

    ----------------------------------------------------------------------

      Code (inc. data)   RO Data    RW Data    ZI Data      Debug   Library Member Name

         8          0          0          0          0         68   __main.o
        40          0          0          0          0         84   __printf_nopercent.o
         0          0          0          0          0          0   __rtentry.o
        12          0          0          0          0          0   __rtentry2.o
         6          0          0          0          0          0   __rtentry4.o
        52          8          0          0          0          0   __scatter.o
        26          0          0          0          0          0   __scatter_copy.o
        28          0          0          0          0          0   __scatter_zi.o
        48          6          0          0          0         96   _printf_char_common.o
        36          4          0          0          0         80   _printf_char_file.o
        12          0          0          0          0         72   exit.o
         8          0          0          0          0         68   ferror.o
         6          0          0          0          0        152   heapauxi.o
         2          0          0          0          0          0   libinit.o
         6          0          0          0          0          0   libinit2.o
         2          0          0          0          0          0   libshutdown.o
         2          0          0          0          0          0   libshutdown2.o
         8          4          0          0         96         68   libspace.o
        24          4          0          0          0         84   noretval__2printf.o
         2          0          0          0          0          0   rtexit.o
        10          0          0          0          0          0   rtexit2.o
        74          0          0          0          0         80   sys_stackheap_outer.o
         2          0          0          0          0         68   use_no_semi.o
         2          0          0          0          0         68   use_no_semi_2.o
        10          0          0          0          0        116   fpinit.o

    ----------------------------------------------------------------------
       436         26          0          0         96       1104   Library Totals
        10          0          0          0          0          0   (incl. Padding)

    ----------------------------------------------------------------------

      Code (inc. data)   RO Data    RW Data    ZI Data      Debug   Library Name

       416         26          0          0         96        988   c_w.l
        10          0          0          0          0        116   fz_wm.l

    ----------------------------------------------------------------------
       436         26          0          0         96       1104   Library Totals

    ----------------------------------------------------------------------

==============================================================================


      Code (inc. data)   RO Data    RW Data    ZI Data      Debug   

      3372        280        424         32       1672     522086   Grand Totals
      3372        280        424         32       1672     522086   ELF Image Totals
      3372        280        424         32          0          0   ROM Totals

==============================================================================

    Total RO  Size (Code + RO Data)                 3796 (   3.71kB)
    Total RW  Size (RW Data + ZI Data)              1704 (   1.66kB)
    Total ROM Size (Code + RO Data + RW Data)       3828 (   3.74kB)

==============================================================================

